[2026-05-08T20:35:21] START TASK-NATS-PH1-006: task-work implementation
[2026-05-08T20:36:21] SNAPSHOT TASK-NATS-PH1-006: elapsed=60s, phase=task-work implementation, files_changed=0, last_tool=Bash
[2026-05-08T20:37:21] SNAPSHOT TASK-NATS-PH1-006: elapsed=120s, phase=task-work implementation, files_changed=0, last_tool=Bash
[2026-05-08T20:38:21] SNAPSHOT TASK-NATS-PH1-006: elapsed=180s, phase=task-work implementation, files_changed=0, last_tool=Bash
[2026-05-08T20:39:21] SNAPSHOT TASK-NATS-PH1-006: elapsed=240s, phase=task-work implementation, files_changed=0, last_tool=Bash
[2026-05-08T20:40:21] SNAPSHOT TASK-NATS-PH1-006: elapsed=300s, phase=task-work implementation, files_changed=0, last_tool=Read
[2026-05-08T20:41:21] SNAPSHOT TASK-NATS-PH1-006: elapsed=360s, phase=task-work implementation, files_changed=0, last_tool=Read
[2026-05-08T20:42:21] SNAPSHOT TASK-NATS-PH1-006: elapsed=420s, phase=task-work implementation, files_changed=0, last_tool=Bash
[2026-05-08T20:43:21] SNAPSHOT TASK-NATS-PH1-006: elapsed=480s, phase=task-work implementation, files_changed=0, last_tool=Bash
[2026-05-08T20:44:21] SNAPSHOT TASK-NATS-PH1-006: elapsed=540s, phase=task-work implementation, files_changed=2, last_tool=Edit
[2026-05-08T20:45:21] SNAPSHOT TASK-NATS-PH1-006: elapsed=600s, phase=task-work implementation, files_changed=3, last_tool=Bash
[2026-05-08T20:46:21] SNAPSHOT TASK-NATS-PH1-006: elapsed=660s, phase=task-work implementation, files_changed=4, last_tool=Write
[2026-05-08T20:46:32] START TASK-NATS-PH1-006: specialist:test-orchestrator invocation
[2026-05-08T20:47:28] START TASK-NATS-PH1-006: specialist:code-reviewer invocation
[2026-05-08T20:48:28] SNAPSHOT TASK-NATS-PH1-006: elapsed=60s, phase=specialist:code-reviewer invocation, files_changed=0, last_tool=Bash
[2026-05-08T20:49:28] SNAPSHOT TASK-NATS-PH1-006: elapsed=120s, phase=specialist:code-reviewer invocation, files_changed=0, last_tool=Bash
[2026-05-08T20:50:28] SNAPSHOT TASK-NATS-PH1-006: elapsed=180s, phase=specialist:code-reviewer invocation, files_changed=0, last_tool=Bash
[2026-05-08T20:51:28] SNAPSHOT TASK-NATS-PH1-006: elapsed=240s, phase=specialist:code-reviewer invocation, files_changed=0, last_tool=Bash
[2026-05-08T20:52:28] SNAPSHOT TASK-NATS-PH1-006: elapsed=300s, phase=specialist:code-reviewer invocation, files_changed=0, last_tool=Read
[2026-05-08T20:53:28] SNAPSHOT TASK-NATS-PH1-006: elapsed=360s, phase=specialist:code-reviewer invocation, files_changed=0, last_tool=Bash
[2026-05-08T20:54:28] SNAPSHOT TASK-NATS-PH1-006: elapsed=420s, phase=specialist:code-reviewer invocation, files_changed=0, last_tool=Bash
[2026-05-08T20:55:28] SNAPSHOT TASK-NATS-PH1-006: elapsed=480s, phase=specialist:code-reviewer invocation, files_changed=0, last_tool=Bash
[2026-05-08T20:56:13] START TASK-NATS-PH1-006: task-work implementation
[2026-05-08T20:57:13] SNAPSHOT TASK-NATS-PH1-006: elapsed=60s, phase=task-work implementation, files_changed=0, last_tool=Read
[2026-05-08T20:58:13] SNAPSHOT TASK-NATS-PH1-006: elapsed=120s, phase=task-work implementation, files_changed=0, last_tool=Read
[2026-05-08T20:59:13] SNAPSHOT TASK-NATS-PH1-006: elapsed=180s, phase=task-work implementation, files_changed=0, last_tool=Read
[2026-05-08T21:00:13] SNAPSHOT TASK-NATS-PH1-006: elapsed=240s, phase=task-work implementation, files_changed=1, last_tool=Bash
[2026-05-08T21:01:13] SNAPSHOT TASK-NATS-PH1-006: elapsed=300s, phase=task-work implementation, files_changed=2, last_tool=Bash
[2026-05-08T21:02:13] SNAPSHOT TASK-NATS-PH1-006: elapsed=360s, phase=task-work implementation, files_changed=2, last_tool=Bash
[2026-05-08T21:02:47] START TASK-NATS-PH1-006: specialist:test-orchestrator invocation
[2026-05-08T21:03:47] SNAPSHOT TASK-NATS-PH1-006: elapsed=60s, phase=specialist:test-orchestrator invocation, files_changed=0, last_tool=Bash
[2026-05-08T21:04:47] SNAPSHOT TASK-NATS-PH1-006: elapsed=120s, phase=specialist:test-orchestrator invocation, files_changed=1, last_tool=Read
[2026-05-08T21:05:01] START TASK-NATS-PH1-006: specialist:code-reviewer invocation
[2026-05-08T21:06:01] SNAPSHOT TASK-NATS-PH1-006: elapsed=60s, phase=specialist:code-reviewer invocation, files_changed=0, last_tool=Read
[2026-05-08T21:07:01] SNAPSHOT TASK-NATS-PH1-006: elapsed=120s, phase=specialist:code-reviewer invocation, files_changed=0, last_tool=Bash
[2026-05-08T21:08:01] SNAPSHOT TASK-NATS-PH1-006: elapsed=180s, phase=specialist:code-reviewer invocation, files_changed=0, last_tool=Bash
[2026-05-08T21:09:01] SNAPSHOT TASK-NATS-PH1-006: elapsed=240s, phase=specialist:code-reviewer invocation, files_changed=0, last_tool=Read
[2026-05-08T21:09:59] START TASK-NATS-PH1-006: task-work implementation
[2026-05-08T21:10:59] SNAPSHOT TASK-NATS-PH1-006: elapsed=60s, phase=task-work implementation, files_changed=0, last_tool=Bash
[2026-05-08T21:11:59] SNAPSHOT TASK-NATS-PH1-006: elapsed=120s, phase=task-work implementation, files_changed=0, last_tool=Bash
[2026-05-08T21:12:31] START TASK-NATS-PH1-006: specialist:test-orchestrator invocation
[2026-05-08T21:13:30] START TASK-NATS-PH1-006: specialist:code-reviewer invocation
[2026-05-08T21:14:30] SNAPSHOT TASK-NATS-PH1-006: elapsed=60s, phase=specialist:code-reviewer invocation, files_changed=0, last_tool=Bash
[2026-05-08T21:15:30] SNAPSHOT TASK-NATS-PH1-006: elapsed=120s, phase=specialist:code-reviewer invocation, files_changed=0, last_tool=Bash
[2026-05-08T21:16:30] SNAPSHOT TASK-NATS-PH1-006: elapsed=180s, phase=specialist:code-reviewer invocation, files_changed=0, last_tool=Bash
[2026-05-08T21:16:48] COMPLETE TASK-NATS-PH1-006: elapsed=2488s, decision=timeout_budget_exhausted, snapshots=3
[2026-05-08T22:24:49] START TASK-NATS-PH1-006: task-work implementation
[2026-05-08T22:25:49] SNAPSHOT TASK-NATS-PH1-006: elapsed=60s, phase=task-work implementation, files_changed=0, last_tool=Bash
[2026-05-08T22:26:49] SNAPSHOT TASK-NATS-PH1-006: elapsed=120s, phase=task-work implementation, files_changed=1, last_tool=Read
[2026-05-08T22:27:29] START TASK-NATS-PH1-006: specialist:test-orchestrator invocation
[2026-05-08T22:28:29] SNAPSHOT TASK-NATS-PH1-006: elapsed=60s, phase=specialist:test-orchestrator invocation, files_changed=0, last_tool=Bash
[2026-05-08T22:28:38] START TASK-NATS-PH1-006: specialist:code-reviewer invocation
[2026-05-08T22:29:38] SNAPSHOT TASK-NATS-PH1-006: elapsed=60s, phase=specialist:code-reviewer invocation, files_changed=0, last_tool=Grep
[2026-05-08T22:30:38] SNAPSHOT TASK-NATS-PH1-006: elapsed=120s, phase=specialist:code-reviewer invocation, files_changed=0, last_tool=Bash
[2026-05-08T22:31:38] SNAPSHOT TASK-NATS-PH1-006: elapsed=180s, phase=specialist:code-reviewer invocation, files_changed=0, last_tool=Bash
[2026-05-08T22:32:38] SNAPSHOT TASK-NATS-PH1-006: elapsed=240s, phase=specialist:code-reviewer invocation, files_changed=0, last_tool=Bash
[2026-05-08T22:33:04] START TASK-NATS-PH1-006: task-work implementation
[2026-05-08T22:34:04] SNAPSHOT TASK-NATS-PH1-006: elapsed=60s, phase=task-work implementation, files_changed=0, last_tool=Bash
[2026-05-08T22:35:04] SNAPSHOT TASK-NATS-PH1-006: elapsed=120s, phase=task-work implementation, files_changed=1, last_tool=Write
[2026-05-08T22:36:01] START TASK-NATS-PH1-006: specialist:test-orchestrator invocation
[2026-05-08T22:37:01] SNAPSHOT TASK-NATS-PH1-006: elapsed=60s, phase=specialist:test-orchestrator invocation, files_changed=0, last_tool=Bash
[2026-05-08T22:37:21] START TASK-NATS-PH1-006: specialist:code-reviewer invocation
[2026-05-08T22:38:21] SNAPSHOT TASK-NATS-PH1-006: elapsed=60s, phase=specialist:code-reviewer invocation, files_changed=0, last_tool=Bash
[2026-05-08T22:39:21] SNAPSHOT TASK-NATS-PH1-006: elapsed=120s, phase=specialist:code-reviewer invocation, files_changed=0, last_tool=Bash
[2026-05-08T22:40:21] SNAPSHOT TASK-NATS-PH1-006: elapsed=180s, phase=specialist:code-reviewer invocation, files_changed=0, last_tool=Read
[2026-05-08T22:41:21] SNAPSHOT TASK-NATS-PH1-006: elapsed=240s, phase=specialist:code-reviewer invocation, files_changed=0, last_tool=Read
[2026-05-08T22:41:54] START TASK-NATS-PH1-006: task-work implementation
[2026-05-08T22:42:54] SNAPSHOT TASK-NATS-PH1-006: elapsed=60s, phase=task-work implementation, files_changed=0, last_tool=Bash
[2026-05-08T22:43:54] SNAPSHOT TASK-NATS-PH1-006: elapsed=120s, phase=task-work implementation, files_changed=2, last_tool=Edit
[2026-05-08T22:44:03] START TASK-NATS-PH1-006: specialist:test-orchestrator invocation
[2026-05-08T22:45:02] START TASK-NATS-PH1-006: specialist:code-reviewer invocation
[2026-05-08T22:46:02] SNAPSHOT TASK-NATS-PH1-006: elapsed=60s, phase=specialist:code-reviewer invocation, files_changed=0, last_tool=Read
[2026-05-08T22:47:02] SNAPSHOT TASK-NATS-PH1-006: elapsed=120s, phase=specialist:code-reviewer invocation, files_changed=0, last_tool=Bash
[2026-05-08T22:48:02] SNAPSHOT TASK-NATS-PH1-006: elapsed=180s, phase=specialist:code-reviewer invocation, files_changed=0, last_tool=Bash
[2026-05-08T22:48:31] START TASK-NATS-PH1-006: task-work implementation
[2026-05-08T22:49:31] SNAPSHOT TASK-NATS-PH1-006: elapsed=60s, phase=task-work implementation, files_changed=0, last_tool=Bash
[2026-05-08T22:50:31] SNAPSHOT TASK-NATS-PH1-006: elapsed=120s, phase=task-work implementation, files_changed=0, last_tool=Bash
[2026-05-08T22:51:31] SNAPSHOT TASK-NATS-PH1-006: elapsed=180s, phase=task-work implementation, files_changed=0, last_tool=Bash
[2026-05-08T22:52:31] SNAPSHOT TASK-NATS-PH1-006: elapsed=240s, phase=task-work implementation, files_changed=0, last_tool=Bash
[2026-05-08T22:53:31] SNAPSHOT TASK-NATS-PH1-006: elapsed=300s, phase=task-work implementation, files_changed=0, last_tool=Read
[2026-05-08T22:54:31] SNAPSHOT TASK-NATS-PH1-006: elapsed=360s, phase=task-work implementation, files_changed=0, last_tool=Bash
[2026-05-08T22:55:31] SNAPSHOT TASK-NATS-PH1-006: elapsed=420s, phase=task-work implementation, files_changed=0, last_tool=Bash
[2026-05-08T22:56:31] SNAPSHOT TASK-NATS-PH1-006: elapsed=480s, phase=task-work implementation, files_changed=0, last_tool=Bash
[2026-05-08T22:57:31] SNAPSHOT TASK-NATS-PH1-006: elapsed=540s, phase=task-work implementation, files_changed=3, last_tool=Edit
[2026-05-08T22:58:31] SNAPSHOT TASK-NATS-PH1-006: elapsed=600s, phase=task-work implementation, files_changed=4, last_tool=Read
[2026-05-08T22:58:57] START TASK-NATS-PH1-006: specialist:test-orchestrator invocation
[2026-05-08T22:59:57] SNAPSHOT TASK-NATS-PH1-006: elapsed=60s, phase=specialist:test-orchestrator invocation, files_changed=1, last_tool=Write
[2026-05-08T22:59:58] START TASK-NATS-PH1-006: specialist:code-reviewer invocation
[2026-05-08T23:00:58] SNAPSHOT TASK-NATS-PH1-006: elapsed=60s, phase=specialist:code-reviewer invocation, files_changed=0, last_tool=Read
[2026-05-08T23:01:58] SNAPSHOT TASK-NATS-PH1-006: elapsed=120s, phase=specialist:code-reviewer invocation, files_changed=0, last_tool=Bash
[2026-05-08T23:02:58] SNAPSHOT TASK-NATS-PH1-006: elapsed=180s, phase=specialist:code-reviewer invocation, files_changed=0, last_tool=Bash
[2026-05-08T23:03:58] SNAPSHOT TASK-NATS-PH1-006: elapsed=240s, phase=specialist:code-reviewer invocation, files_changed=0, last_tool=Bash
[2026-05-08T23:04:50] COMPLETE TASK-NATS-PH1-006: elapsed=2402s, decision=approved, snapshots=4
