[2026-05-02T11:47:21] START TASK-GR-LOAD: task-work implementation
[2026-05-02T11:48:21] SNAPSHOT TASK-GR-LOAD: elapsed=60s, phase=task-work implementation, files_changed=0, last_tool=Grep
[2026-05-02T11:49:21] SNAPSHOT TASK-GR-LOAD: elapsed=120s, phase=task-work implementation, files_changed=0, last_tool=Grep
[2026-05-02T11:50:21] SNAPSHOT TASK-GR-LOAD: elapsed=180s, phase=task-work implementation, files_changed=0, last_tool=Bash
[2026-05-02T11:51:21] SNAPSHOT TASK-GR-LOAD: elapsed=240s, phase=task-work implementation, files_changed=0, last_tool=Read
[2026-05-02T11:52:21] SNAPSHOT TASK-GR-LOAD: elapsed=300s, phase=task-work implementation, files_changed=0, last_tool=Read
[2026-05-02T11:53:21] SNAPSHOT TASK-GR-LOAD: elapsed=360s, phase=task-work implementation, files_changed=0, last_tool=Read
[2026-05-02T11:54:21] SNAPSHOT TASK-GR-LOAD: elapsed=420s, phase=task-work implementation, files_changed=5, last_tool=Edit
[2026-05-02T11:55:21] SNAPSHOT TASK-GR-LOAD: elapsed=480s, phase=task-work implementation, files_changed=6, last_tool=Bash
[2026-05-02T11:56:21] SNAPSHOT TASK-GR-LOAD: elapsed=540s, phase=task-work implementation, files_changed=6, last_tool=Bash
[2026-05-02T11:56:55] START TASK-GR-LOAD: specialist:test-orchestrator invocation
[2026-05-02T11:57:55] SNAPSHOT TASK-GR-LOAD: elapsed=60s, phase=specialist:test-orchestrator invocation, files_changed=0, last_tool=Bash
[2026-05-02T11:58:55] SNAPSHOT TASK-GR-LOAD: elapsed=120s, phase=specialist:test-orchestrator invocation, files_changed=0, last_tool=Bash
[2026-05-02T11:59:23] START TASK-GR-LOAD: specialist:code-reviewer invocation
[2026-05-02T12:00:23] SNAPSHOT TASK-GR-LOAD: elapsed=60s, phase=specialist:code-reviewer invocation, files_changed=0, last_tool=Read
[2026-05-02T12:01:23] SNAPSHOT TASK-GR-LOAD: elapsed=120s, phase=specialist:code-reviewer invocation, files_changed=0, last_tool=Bash
[2026-05-02T12:02:23] SNAPSHOT TASK-GR-LOAD: elapsed=180s, phase=specialist:code-reviewer invocation, files_changed=0, last_tool=Read
[2026-05-02T12:03:23] SNAPSHOT TASK-GR-LOAD: elapsed=240s, phase=specialist:code-reviewer invocation, files_changed=0, last_tool=Bash
[2026-05-02T12:04:23] SNAPSHOT TASK-GR-LOAD: elapsed=300s, phase=specialist:code-reviewer invocation, files_changed=0, last_tool=Bash
[2026-05-02T12:04:45] START TASK-GR-LOAD: task-work implementation
[2026-05-02T12:05:45] SNAPSHOT TASK-GR-LOAD: elapsed=60s, phase=task-work implementation, files_changed=2, last_tool=Bash
[2026-05-02T12:06:45] SNAPSHOT TASK-GR-LOAD: elapsed=120s, phase=task-work implementation, files_changed=2, last_tool=Bash
[2026-05-02T12:07:44] START TASK-GR-LOAD: specialist:test-orchestrator invocation
[2026-05-02T12:08:44] SNAPSHOT TASK-GR-LOAD: elapsed=60s, phase=specialist:test-orchestrator invocation, files_changed=0, last_tool=Bash
[2026-05-02T12:08:57] START TASK-GR-LOAD: specialist:code-reviewer invocation
[2026-05-02T12:09:57] SNAPSHOT TASK-GR-LOAD: elapsed=60s, phase=specialist:code-reviewer invocation, files_changed=0, last_tool=Bash
[2026-05-02T12:10:57] SNAPSHOT TASK-GR-LOAD: elapsed=120s, phase=specialist:code-reviewer invocation, files_changed=0, last_tool=Bash
[2026-05-02T12:11:57] SNAPSHOT TASK-GR-LOAD: elapsed=180s, phase=specialist:code-reviewer invocation, files_changed=0, last_tool=Bash
[2026-05-02T12:12:57] SNAPSHOT TASK-GR-LOAD: elapsed=240s, phase=specialist:code-reviewer invocation, files_changed=0, last_tool=Read
[2026-05-02T12:13:57] SNAPSHOT TASK-GR-LOAD: elapsed=300s, phase=specialist:code-reviewer invocation, files_changed=0, last_tool=Bash
[2026-05-02T12:14:57] SNAPSHOT TASK-GR-LOAD: elapsed=360s, phase=specialist:code-reviewer invocation, files_changed=0, last_tool=Bash
[2026-05-02T12:15:27] START TASK-GR-LOAD: task-work implementation
[2026-05-02T12:16:27] SNAPSHOT TASK-GR-LOAD: elapsed=60s, phase=task-work implementation, files_changed=0, last_tool=Bash
[2026-05-02T12:17:27] SNAPSHOT TASK-GR-LOAD: elapsed=120s, phase=task-work implementation, files_changed=0, last_tool=Bash
[2026-05-02T12:18:02] START TASK-GR-LOAD: specialist:test-orchestrator invocation
[2026-05-02T12:19:02] SNAPSHOT TASK-GR-LOAD: elapsed=60s, phase=specialist:test-orchestrator invocation, files_changed=1, last_tool=Bash
[2026-05-02T12:19:21] START TASK-GR-LOAD: specialist:code-reviewer invocation
[2026-05-02T12:20:21] SNAPSHOT TASK-GR-LOAD: elapsed=60s, phase=specialist:code-reviewer invocation, files_changed=0, last_tool=Bash
[2026-05-02T12:21:21] SNAPSHOT TASK-GR-LOAD: elapsed=120s, phase=specialist:code-reviewer invocation, files_changed=0, last_tool=Bash
[2026-05-02T12:22:21] SNAPSHOT TASK-GR-LOAD: elapsed=180s, phase=specialist:code-reviewer invocation, files_changed=0, last_tool=Grep
[2026-05-02T12:23:21] SNAPSHOT TASK-GR-LOAD: elapsed=240s, phase=specialist:code-reviewer invocation, files_changed=0, last_tool=Bash
[2026-05-02T12:23:30] START TASK-GR-LOAD: task-work implementation
[2026-05-02T12:24:30] SNAPSHOT TASK-GR-LOAD: elapsed=60s, phase=task-work implementation, files_changed=0, last_tool=Bash
[2026-05-02T12:25:30] SNAPSHOT TASK-GR-LOAD: elapsed=120s, phase=task-work implementation, files_changed=0, last_tool=Bash
[2026-05-02T12:26:01] START TASK-GR-LOAD: specialist:test-orchestrator invocation
[2026-05-02T12:27:01] SNAPSHOT TASK-GR-LOAD: elapsed=60s, phase=specialist:test-orchestrator invocation, files_changed=1, last_tool=Bash
[2026-05-02T12:27:18] START TASK-GR-LOAD: specialist:code-reviewer invocation
[2026-05-02T12:28:18] SNAPSHOT TASK-GR-LOAD: elapsed=60s, phase=specialist:code-reviewer invocation, files_changed=0, last_tool=Grep
[2026-05-02T12:29:18] SNAPSHOT TASK-GR-LOAD: elapsed=120s, phase=specialist:code-reviewer invocation, files_changed=0, last_tool=Bash
[2026-05-02T12:30:18] SNAPSHOT TASK-GR-LOAD: elapsed=180s, phase=specialist:code-reviewer invocation, files_changed=0, last_tool=Bash
[2026-05-02T12:31:18] SNAPSHOT TASK-GR-LOAD: elapsed=240s, phase=specialist:code-reviewer invocation, files_changed=0, last_tool=Bash
[2026-05-02T12:32:03] COMPLETE TASK-GR-LOAD: elapsed=2683s, decision=unrecoverable_stall, snapshots=4
