[2026-05-08T23:17:30] START TASK-NATS-PH1-005: task-work implementation
[2026-05-08T23:18:30] SNAPSHOT TASK-NATS-PH1-005: elapsed=60s, phase=task-work implementation, files_changed=0, last_tool=Bash
[2026-05-08T23:19:30] SNAPSHOT TASK-NATS-PH1-005: elapsed=120s, phase=task-work implementation, files_changed=0, last_tool=Read
[2026-05-08T23:20:30] SNAPSHOT TASK-NATS-PH1-005: elapsed=180s, phase=task-work implementation, files_changed=0, last_tool=Read
[2026-05-08T23:21:30] SNAPSHOT TASK-NATS-PH1-005: elapsed=240s, phase=task-work implementation, files_changed=1, last_tool=Write
[2026-05-08T23:22:30] SNAPSHOT TASK-NATS-PH1-005: elapsed=300s, phase=task-work implementation, files_changed=3, last_tool=Bash
[2026-05-08T23:23:30] SNAPSHOT TASK-NATS-PH1-005: elapsed=360s, phase=task-work implementation, files_changed=3, last_tool=Bash
[2026-05-08T23:24:30] SNAPSHOT TASK-NATS-PH1-005: elapsed=420s, phase=task-work implementation, files_changed=3, last_tool=Bash
[2026-05-08T23:24:57] START TASK-NATS-PH1-005: specialist:test-orchestrator invocation
[2026-05-08T23:25:57] SNAPSHOT TASK-NATS-PH1-005: elapsed=60s, phase=specialist:test-orchestrator invocation, files_changed=0, last_tool=Bash
[2026-05-08T23:26:39] START TASK-NATS-PH1-005: specialist:code-reviewer invocation
[2026-05-08T23:27:39] SNAPSHOT TASK-NATS-PH1-005: elapsed=60s, phase=specialist:code-reviewer invocation, files_changed=0, last_tool=Bash
[2026-05-08T23:28:39] SNAPSHOT TASK-NATS-PH1-005: elapsed=120s, phase=specialist:code-reviewer invocation, files_changed=0, last_tool=Bash
[2026-05-08T23:29:39] SNAPSHOT TASK-NATS-PH1-005: elapsed=180s, phase=specialist:code-reviewer invocation, files_changed=0, last_tool=Bash
[2026-05-08T23:30:39] SNAPSHOT TASK-NATS-PH1-005: elapsed=240s, phase=specialist:code-reviewer invocation, files_changed=0, last_tool=Read
[2026-05-08T23:32:33] START TASK-NATS-PH1-005: task-work implementation
[2026-05-08T23:33:33] SNAPSHOT TASK-NATS-PH1-005: elapsed=60s, phase=task-work implementation, files_changed=0, last_tool=Bash
[2026-05-08T23:34:33] SNAPSHOT TASK-NATS-PH1-005: elapsed=120s, phase=task-work implementation, files_changed=0, last_tool=Read
[2026-05-08T23:35:33] SNAPSHOT TASK-NATS-PH1-005: elapsed=180s, phase=task-work implementation, files_changed=1, last_tool=Bash
[2026-05-08T23:36:33] SNAPSHOT TASK-NATS-PH1-005: elapsed=240s, phase=task-work implementation, files_changed=1, last_tool=Bash
[2026-05-08T23:37:14] START TASK-NATS-PH1-005: specialist:test-orchestrator invocation
[2026-05-08T23:38:14] SNAPSHOT TASK-NATS-PH1-005: elapsed=60s, phase=specialist:test-orchestrator invocation, files_changed=0, last_tool=Bash
[2026-05-08T23:39:04] START TASK-NATS-PH1-005: specialist:code-reviewer invocation
[2026-05-08T23:40:04] SNAPSHOT TASK-NATS-PH1-005: elapsed=60s, phase=specialist:code-reviewer invocation, files_changed=0, last_tool=Bash
[2026-05-08T23:41:04] SNAPSHOT TASK-NATS-PH1-005: elapsed=120s, phase=specialist:code-reviewer invocation, files_changed=0, last_tool=Read
[2026-05-08T23:42:04] SNAPSHOT TASK-NATS-PH1-005: elapsed=180s, phase=specialist:code-reviewer invocation, files_changed=0, last_tool=Read
[2026-05-08T23:42:51] COMPLETE TASK-NATS-PH1-005: elapsed=1521s, decision=approved, snapshots=3
