Resolving dependencies...
Downloading packages...
  audio_session 0.1.25 (0.2.4 available)
  just_audio 0.9.46 (0.10.6 available)
  matcher 0.12.19 (0.12.20 available)
  meta 1.18.0 (1.18.3 available)
  package_config 2.2.0 (3.0.0 available)
  record 5.2.1 (7.1.1 available)
  record_android 1.5.2 (2.1.2 available)
  record_linux 0.7.2 (2.1.1 available)
  record_platform_interface 1.6.0 (2.1.0 available)
  record_web 1.3.0 (2.1.1 available)
  record_windows 1.0.7 (2.2.2 available)
  test_api 0.7.11 (0.7.13 available)
  vector_math 2.2.0 (2.4.0 available)
Got dependencies!
13 packages have newer versions incompatible with dependency constraints.
Try `flutter pub outdated` for more information.
00:00 +0: loading /Users/richardwoollcott/Projects/appmilla_github/study-tutor/.guardkit/worktrees/FEAT-VOICE-003/app/test/ui/session_screen_test.dart
00:00 +0: /Users/richardwoollcott/Projects/appmilla_github/study-tutor/.guardkit/worktrees/FEAT-VOICE-003/app/test/ui/session_screen_test.dart: Mic button states AC-001: mic button is present and enabled initially
00:00 +1: /Users/richardwoollcott/Projects/appmilla_github/study-tutor/.guardkit/worktrees/FEAT-VOICE-003/app/test/ui/session_screen_test.dart: Mic button states AC-001: mic button is present and enabled initially
00:00 +2: /Users/richardwoollcott/Projects/appmilla_github/study-tutor/.guardkit/worktrees/FEAT-VOICE-003/app/test/ui/session_screen_test.dart: Mic button states AC-001: mic button is present and enabled initially
00:00 +3: /Users/richardwoollcott/Projects/appmilla_github/study-tutor/.guardkit/worktrees/FEAT-VOICE-003/app/test/ui/session_screen_test.dart: Mic button states AC-001: mic button is present and enabled initially
00:00 +4: /Users/richardwoollcott/Projects/appmilla_github/study-tutor/.guardkit/worktrees/FEAT-VOICE-003/app/test/ui/slice_i_test.dart: sign-in drives IdentityProvider.signIn and lands on home
00:00 +5: /Users/richardwoollcott/Projects/appmilla_github/study-tutor/.guardkit/worktrees/FEAT-VOICE-003/app/test/ui/slice_i_test.dart: sign-in drives IdentityProvider.signIn and lands on home
00:00 +6: /Users/richardwoollcott/Projects/appmilla_github/study-tutor/.guardkit/worktrees/FEAT-VOICE-003/app/test/ui/transcript_scroll_test.dart: resume opens at the latest exchange, not the oldest message
00:00 +7: /Users/richardwoollcott/Projects/appmilla_github/study-tutor/.guardkit/worktrees/FEAT-VOICE-003/app/test/ui/transcript_scroll_test.dart: resume opens at the latest exchange, not the oldest message
00:00 +8: /Users/richardwoollcott/Projects/appmilla_github/study-tutor/.guardkit/worktrees/FEAT-VOICE-003/app/test/ui/double_tap_guard_test.dart: double-tap on Start new session creates exactly one session
00:00 +9: /Users/richardwoollcott/Projects/appmilla_github/study-tutor/.guardkit/worktrees/FEAT-VOICE-003/app/test/ui/double_tap_guard_test.dart: double-tap on Start new session creates exactly one session
00:00 +10: /Users/richardwoollcott/Projects/appmilla_github/study-tutor/.guardkit/worktrees/FEAT-VOICE-003/app/test/ui/double_tap_guard_test.dart: double-tap on Start new session creates exactly one session
00:00 +11: /Users/richardwoollcott/Projects/appmilla_github/study-tutor/.guardkit/worktrees/FEAT-VOICE-003/app/test/ui/double_tap_guard_test.dart: double-tap on Start new session creates exactly one session
00:00 +12: /Users/richardwoollcott/Projects/appmilla_github/study-tutor/.guardkit/worktrees/FEAT-VOICE-003/app/test/ui/double_tap_guard_test.dart: double-tap on Start new session creates exactly one session
00:01 +13: /Users/richardwoollcott/Projects/appmilla_github/study-tutor/.guardkit/worktrees/FEAT-VOICE-003/app/test/ui/composition_test.dart: the default composition boots and works end-to-end on the fake (v1 behaviour untouched)
00:01 +14: /Users/richardwoollcott/Projects/appmilla_github/study-tutor/.guardkit/worktrees/FEAT-VOICE-003/app/test/ui/transcript_scroll_test.dart: sending in a long transcript keeps the new reply visible
00:01 +15: /Users/richardwoollcott/Projects/appmilla_github/study-tutor/.guardkit/worktrees/FEAT-VOICE-003/app/test/ui/slice_i_test.dart: one turn round-trip renders the user message and the canned tutor reply
00:01 +16: /Users/richardwoollcott/Projects/appmilla_github/study-tutor/.guardkit/worktrees/FEAT-VOICE-003/app/test/ui/slice_i_test.dart: one turn round-trip renders the user message and the canned tutor reply
00:01 +17: /Users/richardwoollcott/Projects/appmilla_github/study-tutor/.guardkit/worktrees/FEAT-VOICE-003/app/test/ui/slice_i_test.dart: one turn round-trip renders the user message and the canned tutor reply
00:01 +18: /Users/richardwoollcott/Projects/appmilla_github/study-tutor/.guardkit/worktrees/FEAT-VOICE-003/app/test/ui/double_tap_guard_test.dart: double-tap on Resume opens exactly one session screen
00:01 +19: /Users/richardwoollcott/Projects/appmilla_github/study-tutor/.guardkit/worktrees/FEAT-VOICE-003/app/test/ui/double_tap_guard_test.dart: double-tap on Resume opens exactly one session screen
00:01 +20: /Users/richardwoollcott/Projects/appmilla_github/study-tutor/.guardkit/worktrees/FEAT-VOICE-003/app/test/ui/session_screen_test.dart: Error handling AC-004: TransportError shows connection problem dialog
00:01 +21: /Users/richardwoollcott/Projects/appmilla_github/study-tutor/.guardkit/worktrees/FEAT-VOICE-003/app/test/ui/session_screen_test.dart: Error handling AC-006: UnsupportedAudioFormat shows plain-terms message
00:01 +22: /Users/richardwoollcott/Projects/appmilla_github/study-tutor/.guardkit/worktrees/FEAT-VOICE-003/app/test/ui/session_screen_test.dart: Error handling AC-006: EmptyRecording shows plain-terms message
00:01 +23: /Users/richardwoollcott/Projects/appmilla_github/study-tutor/.guardkit/worktrees/FEAT-VOICE-003/app/test/ui/session_screen_test.dart: Error handling AC-006: UnintelligibleQuery shows plain-terms message
00:01 +24: /Users/richardwoollcott/Projects/appmilla_github/study-tutor/.guardkit/worktrees/FEAT-VOICE-003/app/test/ui/session_screen_test.dart: Error handling AC-006: QueryTooLong shows plain-terms message
00:01 +25: /Users/richardwoollcott/Projects/appmilla_github/study-tutor/.guardkit/worktrees/FEAT-VOICE-003/app/test/ui/session_screen_test.dart: Error handling AC-006: RecordingTooLarge shows plain-terms message
00:01 +26: /Users/richardwoollcott/Projects/appmilla_github/study-tutor/.guardkit/worktrees/FEAT-VOICE-003/app/test/ui/session_screen_test.dart: Regression: typing still works AC-008: typing a question works exactly as before
00:01 +27: /Users/richardwoollcott/Projects/appmilla_github/study-tutor/.guardkit/worktrees/FEAT-VOICE-003/app/test/ui/session_screen_test.dart: Regression: typing still works AC-008: typing works after VoiceUnavailable
00:01 +28: /Users/richardwoollcott/Projects/appmilla_github/study-tutor/.guardkit/worktrees/FEAT-VOICE-003/app/test/unit/errors_test.dart: contract §9 error_type strings, verbatim SessionNotFoundError
00:01 +29: /Users/richardwoollcott/Projects/appmilla_github/study-tutor/.guardkit/worktrees/FEAT-VOICE-003/app/test/unit/errors_test.dart: contract §9 error_type strings, verbatim SessionEnded
00:01 +30: /Users/richardwoollcott/Projects/appmilla_github/study-tutor/.guardkit/worktrees/FEAT-VOICE-003/app/test/unit/errors_test.dart: contract §9 error_type strings, verbatim SessionForbidden
00:01 +31: /Users/richardwoollcott/Projects/appmilla_github/study-tutor/.guardkit/worktrees/FEAT-VOICE-003/app/test/unit/errors_test.dart: contract §9 error_type strings, verbatim Unauthenticated
00:01 +32: /Users/richardwoollcott/Projects/appmilla_github/study-tutor/.guardkit/worktrees/FEAT-VOICE-003/app/test/unit/errors_test.dart: error mechanics all four are catchable as SessionApiException
00:01 +33: /Users/richardwoollcott/Projects/appmilla_github/study-tutor/.guardkit/worktrees/FEAT-VOICE-003/app/test/unit/errors_test.dart: error mechanics toString carries errorType for debug logs
00:01 +34: /Users/richardwoollcott/Projects/appmilla_github/study-tutor/.guardkit/worktrees/FEAT-VOICE-003/app/test/unit/errors_test.dart: error mechanics message is carried through
00:01 +35: /Users/richardwoollcott/Projects/appmilla_github/study-tutor/.guardkit/worktrees/FEAT-VOICE-003/app/test/unit/errors_test.dart: client-local TransportError (phase-2 scope §3.2) label is TransportError — a client-side tag, not a §9 wire string
00:01 +36: /Users/richardwoollcott/Projects/appmilla_github/study-tutor/.guardkit/worktrees/FEAT-VOICE-003/app/test/unit/errors_test.dart: client-local TransportError (phase-2 scope §3.2) catchable as SessionApiException like the wire errors, so call sites handle one sealed hierarchy
00:01 +37: /Users/richardwoollcott/Projects/appmilla_github/study-tutor/.guardkit/worktrees/FEAT-VOICE-003/app/test/unit/errors_test.dart: client-local TransportError (phase-2 scope §3.2) message is carried through
00:01 +38: /Users/richardwoollcott/Projects/appmilla_github/study-tutor/.guardkit/worktrees/FEAT-VOICE-003/app/test/unit/fake_voice_api_test.dart: FakeVoiceApi voiceTurn returns canned transcript and audio
00:01 +39: /Users/richardwoollcott/Projects/appmilla_github/study-tutor/.guardkit/worktrees/FEAT-VOICE-003/app/test/unit/fake_voice_api_test.dart: FakeVoiceApi voiceTurnStream emits canned events
00:01 +40: /Users/richardwoollcott/Projects/appmilla_github/study-tutor/.guardkit/worktrees/FEAT-VOICE-003/app/test/unit/fake_voice_api_test.dart: FakeVoiceApi voiceTurnStream emits canned events
00:01 +41: /Users/richardwoollcott/Projects/appmilla_github/study-tutor/.guardkit/worktrees/FEAT-VOICE-003/app/test/unit/fake_voice_api_test.dart: FakeVoiceApi voiceTurnStream emits canned events
00:01 +42: /Users/richardwoollcott/Projects/appmilla_github/study-tutor/.guardkit/worktrees/FEAT-VOICE-003/app/test/unit/fake_voice_api_test.dart: FakeVoiceApi voiceTurnStream emits canned events
00:01 +43: /Users/richardwoollcott/Projects/appmilla_github/study-tutor/.guardkit/worktrees/FEAT-VOICE-003/app/test/unit/fake_voice_api_test.dart: FakeVoiceApi voiceTurnStream emits canned events
00:01 +44: /Users/richardwoollcott/Projects/appmilla_github/study-tutor/.guardkit/worktrees/FEAT-VOICE-003/app/test/unit/fake_voice_api_test.dart: FakeVoiceApi voiceTurnStream emits canned events
00:01 +45: /Users/richardwoollcott/Projects/appmilla_github/study-tutor/.guardkit/worktrees/FEAT-VOICE-003/app/test/unit/fake_voice_api_test.dart: FakeVoiceApi voiceTurnStream emits canned events
00:01 +46: /Users/richardwoollcott/Projects/appmilla_github/study-tutor/.guardkit/worktrees/FEAT-VOICE-003/app/test/unit/fake_voice_api_test.dart: FakeVoiceApi voiceTurnStream emits canned events
00:01 +47: /Users/richardwoollcott/Projects/appmilla_github/study-tutor/.guardkit/worktrees/FEAT-VOICE-003/app/test/unit/fake_voice_api_test.dart: FakeVoiceApi voiceTurnStream emits canned events
00:01 +48: /Users/richardwoollcott/Projects/appmilla_github/study-tutor/.guardkit/worktrees/FEAT-VOICE-003/app/test/unit/fake_voice_api_test.dart: FakeVoiceApi voiceTurnStream emits canned events
00:01 +49: /Users/richardwoollcott/Projects/appmilla_github/study-tutor/.guardkit/worktrees/FEAT-VOICE-003/app/test/unit/fake_voice_api_test.dart: FakeVoiceApi voiceTurnStream emits canned events
00:01 +50: /Users/richardwoollcott/Projects/appmilla_github/study-tutor/.guardkit/worktrees/FEAT-VOICE-003/app/test/unit/fake_voice_api_test.dart: FakeVoiceApi voiceTurnStream emits canned events
00:01 +51: /Users/richardwoollcott/Projects/appmilla_github/study-tutor/.guardkit/worktrees/FEAT-VOICE-003/app/test/unit/fake_voice_api_test.dart: FakeVoiceApi voiceTurnStream emits canned events
00:01 +52: /Users/richardwoollcott/Projects/appmilla_github/study-tutor/.guardkit/worktrees/FEAT-VOICE-003/app/test/unit/fake_voice_api_test.dart: FakeVoiceApi voiceTurnStream emits canned events
00:01 +53: /Users/richardwoollcott/Projects/appmilla_github/study-tutor/.guardkit/worktrees/FEAT-VOICE-003/app/test/unit/fake_voice_api_test.dart: FakeVoiceApi voiceTurnStream emits canned events
00:01 +54: /Users/richardwoollcott/Projects/appmilla_github/study-tutor/.guardkit/worktrees/FEAT-VOICE-003/app/test/unit/fake_voice_api_test.dart: FakeVoiceApi voiceTurnStream emits canned events
00:01 +55: /Users/richardwoollcott/Projects/appmilla_github/study-tutor/.guardkit/worktrees/FEAT-VOICE-003/app/test/unit/fake_voice_api_test.dart: FakeVoiceApi voiceTurnStream emits canned events
00:01 +56: /Users/richardwoollcott/Projects/appmilla_github/study-tutor/.guardkit/worktrees/FEAT-VOICE-003/app/test/unit/fake_voice_api_test.dart: FakeVoiceApi voiceTurnStream emits canned events
00:01 +57: /Users/richardwoollcott/Projects/appmilla_github/study-tutor/.guardkit/worktrees/FEAT-VOICE-003/app/test/unit/fake_voice_api_test.dart: FakeVoiceApi voiceTurnStream emits canned events
00:01 +58: /Users/richardwoollcott/Projects/appmilla_github/study-tutor/.guardkit/worktrees/FEAT-VOICE-003/app/test/unit/fake_voice_api_test.dart: FakeVoiceApi voiceTurnStream emits canned events
00:01 +59: /Users/richardwoollcott/Projects/appmilla_github/study-tutor/.guardkit/worktrees/FEAT-VOICE-003/app/test/unit/fake_voice_api_test.dart: FakeVoiceApi voiceTurnStream emits canned events
00:01 +60: /Users/richardwoollcott/Projects/appmilla_github/study-tutor/.guardkit/worktrees/FEAT-VOICE-003/app/test/unit/fake_voice_api_test.dart: FakeVoiceApi voiceTurnStream emits canned events
00:01 +61: /Users/richardwoollcott/Projects/appmilla_github/study-tutor/.guardkit/worktrees/FEAT-VOICE-003/app/test/unit/fake_voice_api_test.dart: FakeVoiceApi voiceTurnStream emits canned events
00:01 +62: /Users/richardwoollcott/Projects/appmilla_github/study-tutor/.guardkit/worktrees/FEAT-VOICE-003/app/test/unit/fake_voice_api_test.dart: FakeVoiceApi voiceTurnStream emits canned events
00:01 +63: /Users/richardwoollcott/Projects/appmilla_github/study-tutor/.guardkit/worktrees/FEAT-VOICE-003/app/test/unit/fake_voice_api_test.dart: FakeVoiceApi voiceTurnStream emits canned events
00:01 +64: /Users/richardwoollcott/Projects/appmilla_github/study-tutor/.guardkit/worktrees/FEAT-VOICE-003/app/test/unit/fake_voice_api_test.dart: FakeVoiceApi voiceTurnStream emits canned events
00:01 +65: /Users/richardwoollcott/Projects/appmilla_github/study-tutor/.guardkit/worktrees/FEAT-VOICE-003/app/test/unit/fake_voice_api_test.dart: FakeVoiceApi voiceTurnStream emits canned events
00:01 +66: /Users/richardwoollcott/Projects/appmilla_github/study-tutor/.guardkit/worktrees/FEAT-VOICE-003/app/test/unit/fake_voice_api_test.dart: FakeVoiceApi voiceTurnStream emits canned events
00:01 +67: /Users/richardwoollcott/Projects/appmilla_github/study-tutor/.guardkit/worktrees/FEAT-VOICE-003/app/test/unit/fake_voice_api_test.dart: FakeVoiceApi voiceTurnStream emits canned events
00:01 +68: /Users/richardwoollcott/Projects/appmilla_github/study-tutor/.guardkit/worktrees/FEAT-VOICE-003/app/test/unit/fake_voice_api_test.dart: FakeVoiceApi voiceTurnStream emits canned events
00:01 +69: /Users/richardwoollcott/Projects/appmilla_github/study-tutor/.guardkit/worktrees/FEAT-VOICE-003/app/test/unit/fake_voice_api_test.dart: FakeVoiceApi voiceTurnStream emits canned events
00:01 +70: /Users/richardwoollcott/Projects/appmilla_github/study-tutor/.guardkit/worktrees/FEAT-VOICE-003/app/test/unit/fake_voice_api_test.dart: FakeVoiceApi voiceTurnStream emits canned events
00:01 +71: /Users/richardwoollcott/Projects/appmilla_github/study-tutor/.guardkit/worktrees/FEAT-VOICE-003/app/test/unit/fake_voice_api_test.dart: FakeVoiceApi voiceTurnStream emits canned events
00:01 +72: /Users/richardwoollcott/Projects/appmilla_github/study-tutor/.guardkit/worktrees/FEAT-VOICE-003/app/test/unit/fake_voice_api_test.dart: FakeVoiceApi voiceTurnStream emits canned events
00:01 +73: /Users/richardwoollcott/Projects/appmilla_github/study-tutor/.guardkit/worktrees/FEAT-VOICE-003/app/test/unit/fake_voice_api_test.dart: FakeVoiceApi voiceTurnStream emits canned events
00:01 +74: /Users/richardwoollcott/Projects/appmilla_github/study-tutor/.guardkit/worktrees/FEAT-VOICE-003/app/test/unit/fake_voice_api_test.dart: FakeVoiceApi voiceTurnStream emits canned events
00:01 +75: /Users/richardwoollcott/Projects/appmilla_github/study-tutor/.guardkit/worktrees/FEAT-VOICE-003/app/test/unit/fake_voice_api_test.dart: FakeVoiceApi voiceTurnStream emits canned events
00:01 +76: /Users/richardwoollcott/Projects/appmilla_github/study-tutor/.guardkit/worktrees/FEAT-VOICE-003/app/test/unit/fake_voice_api_test.dart: FakeVoiceApi voiceTurnStream emits canned events
00:02 +77: /Users/richardwoollcott/Projects/appmilla_github/study-tutor/.guardkit/worktrees/FEAT-VOICE-003/app/test/unit/fake_voice_api_test.dart: FakeVoiceApi fetchAudioChunk returns tiny silent WAV bytes
00:02 +78: /Users/richardwoollcott/Projects/appmilla_github/study-tutor/.guardkit/worktrees/FEAT-VOICE-003/app/test/unit/fake_voice_api_test.dart: FlakyVoiceApi delegates when no failures injected
00:02 +79: /Users/richardwoollcott/Projects/appmilla_github/study-tutor/.guardkit/worktrees/FEAT-VOICE-003/app/test/unit/fake_voice_api_test.dart: FlakyVoiceApi injects TransportError when voiceTurn is failing
00:02 +80: /Users/richardwoollcott/Projects/appmilla_github/study-tutor/.guardkit/worktrees/FEAT-VOICE-003/app/test/unit/fake_voice_api_test.dart: FlakyVoiceApi injects VoiceUnavailable when configured
00:02 +81: /Users/richardwoollcott/Projects/appmilla_github/study-tutor/.guardkit/worktrees/FEAT-VOICE-003/app/test/unit/fake_voice_api_test.dart: FlakyVoiceApi injects UnsupportedAudioFormat
00:02 +82: /Users/richardwoollcott/Projects/appmilla_github/study-tutor/.guardkit/worktrees/FEAT-VOICE-003/app/test/unit/fake_voice_api_test.dart: FlakyVoiceApi injects EmptyRecording
00:02 +83: /Users/richardwoollcott/Projects/appmilla_github/study-tutor/.guardkit/worktrees/FEAT-VOICE-003/app/test/unit/fake_voice_api_test.dart: FlakyVoiceApi injects UnintelligibleQuery
00:02 +84: /Users/richardwoollcott/Projects/appmilla_github/study-tutor/.guardkit/worktrees/FEAT-VOICE-003/app/test/unit/fake_voice_api_test.dart: FlakyVoiceApi injects QueryTooLong
00:02 +85: /Users/richardwoollcott/Projects/appmilla_github/study-tutor/.guardkit/worktrees/FEAT-VOICE-003/app/test/unit/fake_voice_api_test.dart: FlakyVoiceApi injects RecordingTooLarge
00:02 +86: /Users/richardwoollcott/Projects/appmilla_github/study-tutor/.guardkit/worktrees/FEAT-VOICE-003/app/test/unit/fake_voice_api_test.dart: FlakyVoiceApi recovers after removing from failing set
00:02 +87: /Users/richardwoollcott/Projects/appmilla_github/study-tutor/.guardkit/worktrees/FEAT-VOICE-003/app/test/unit/fake_voice_api_test.dart: VoiceRecorder has 60-second max duration by default
00:02 +88: /Users/richardwoollcott/Projects/appmilla_github/study-tutor/.guardkit/worktrees/FEAT-VOICE-003/app/test/unit/fake_voice_api_test.dart: VoiceRecorder enforces 10MB backstop by default
00:02 +89: /Users/richardwoollcott/Projects/appmilla_github/study-tutor/.guardkit/worktrees/FEAT-VOICE-003/app/test/unit/fake_voice_api_test.dart: VoiceRecorder uses aacLc encoder by default
00:02 +90: /Users/richardwoollcott/Projects/appmilla_github/study-tutor/.guardkit/worktrees/FEAT-VOICE-003/app/test/unit/fake_voice_api_test.dart: VoiceRecorder allows custom max duration
00:02 +91: /Users/richardwoollcott/Projects/appmilla_github/study-tutor/.guardkit/worktrees/FEAT-VOICE-003/app/test/unit/fake_voice_api_test.dart: VoiceRecorder allows custom max size
00:02 +92: /Users/richardwoollcott/Projects/appmilla_github/study-tutor/.guardkit/worktrees/FEAT-VOICE-003/app/test/unit/fake_voice_api_test.dart: VoiceRecorder allows opus encoder as fallback
00:02 +93: /Users/richardwoollcott/Projects/appmilla_github/study-tutor/.guardkit/worktrees/FEAT-VOICE-003/app/test/unit/fake_voice_api_test.dart: VoiceRecorder encoder selection is injectable
00:02 +94: /Users/richardwoollcott/Projects/appmilla_github/study-tutor/.guardkit/worktrees/FEAT-VOICE-003/app/test/unit/fake_voice_api_test.dart: VoiceRecorder starts in non-recording state
00:02 +95: /Users/richardwoollcott/Projects/appmilla_github/study-tutor/.guardkit/worktrees/FEAT-VOICE-003/app/test/unit/fake_identity_provider_test.dart: sign-in / sign-out signIn yields the default principal (Lilymay) and sets current
00:02 +96: /Users/richardwoollcott/Projects/appmilla_github/study-tutor/.guardkit/worktrees/FEAT-VOICE-003/app/test/unit/fake_identity_provider_test.dart: sign-in / sign-out signOut clears the current principal
00:02 +97: /Users/richardwoollcott/Projects/appmilla_github/study-tutor/.guardkit/worktrees/FEAT-VOICE-003/app/test/unit/fake_identity_provider_test.dart: sign-in / sign-out fake satisfies the IdentityProvider port
00:02 +98: /Users/richardwoollcott/Projects/appmilla_github/study-tutor/.guardkit/worktrees/FEAT-VOICE-003/app/test/unit/fake_identity_provider_test.dart: second principal (ownership tests need it) signInAs switches to the second student
00:02 +99: /Users/richardwoollcott/Projects/appmilla_github/study-tutor/.guardkit/worktrees/FEAT-VOICE-003/app/test/unit/fake_identity_provider_test.dart: second principal (ownership tests need it) the two principals map to distinct student ids
00:02 +100: /Users/richardwoollcott/Projects/appmilla_github/study-tutor/.guardkit/worktrees/FEAT-VOICE-003/app/test/unit/fake_identity_provider_test.dart: token → student_id derivation (§3) valid token derives a student id
00:02 +101: /Users/richardwoollcott/Projects/appmilla_github/study-tutor/.guardkit/worktrees/FEAT-VOICE-003/app/test/unit/fake_identity_provider_test.dart: token → student_id derivation (§3) unknown token derives nothing
00:02 +102: /Users/richardwoollcott/Projects/appmilla_github/study-tutor/.guardkit/worktrees/FEAT-VOICE-003/app/test/unit/fake_identity_provider_test.dart: token → student_id derivation (§3) null token (signed out) derives nothing
00:02 +103: /Users/richardwoollcott/Projects/appmilla_github/study-tutor/.guardkit/worktrees/FEAT-VOICE-003/app/test/unit/fake_identity_provider_test.dart: invalidate-token switch invalidated token becomes undetectable as a student, while the client-side principal stays set (stale token)
00:02 +104: /Users/richardwoollcott/Projects/appmilla_github/study-tutor/.guardkit/worktrees/FEAT-VOICE-003/app/test/unit/fake_identity_provider_test.dart: invalidate-token switch invalidation only hits the invalidated token, not the other student
00:02 +105: /Users/richardwoollcott/Projects/appmilla_github/study-tutor/.guardkit/worktrees/FEAT-VOICE-003/app/test/unit/fake_identity_provider_test.dart: invalidate-token switch invalidating while signed out is a no-op
00:02 +106: /Users/richardwoollcott/Projects/appmilla_github/study-tutor/.guardkit/worktrees/FEAT-VOICE-003/app/test/unit/fake_identity_provider_test.dart: invalidate-token switch re-signing in restores validity — the recovery loop closes
00:02 +107: /Users/richardwoollcott/Projects/appmilla_github/study-tutor/.guardkit/worktrees/FEAT-VOICE-003/app/test/unit/domain_models_test.dart: SessionStatus / TurnRole wire names status names match contract §4
00:02 +108: /Users/richardwoollcott/Projects/appmilla_github/study-tutor/.guardkit/worktrees/FEAT-VOICE-003/app/test/unit/domain_models_test.dart: SessionStatus / TurnRole wire names role names match contract §5/§6
00:02 +109: /Users/richardwoollcott/Projects/appmilla_github/study-tutor/.guardkit/worktrees/FEAT-VOICE-003/app/test/unit/domain_models_test.dart: TurnEntry value equality
00:02 +110: /Users/richardwoollcott/Projects/appmilla_github/study-tutor/.guardkit/worktrees/FEAT-VOICE-003/app/test/unit/domain_models_test.dart: TurnEntry differs by role, content, and ts
00:02 +111: /Users/richardwoollcott/Projects/appmilla_github/study-tutor/.guardkit/worktrees/FEAT-VOICE-003/app/test/unit/domain_models_test.dart: Session value equality
00:02 +112: /Users/richardwoollcott/Projects/appmilla_github/study-tutor/.guardkit/worktrees/FEAT-VOICE-003/app/test/unit/domain_models_test.dart: Session copyWith advances status / lastActivity / turnCount only
00:02 +113: /Users/richardwoollcott/Projects/appmilla_github/study-tutor/.guardkit/worktrees/FEAT-VOICE-003/app/test/unit/domain_models_test.dart: Session copyWith with no args is identity
00:02 +114: /Users/richardwoollcott/Projects/appmilla_github/study-tutor/.guardkit/worktrees/FEAT-VOICE-003/app/test/unit/domain_models_test.dart: SessionSummary value equality
00:02 +115: /Users/richardwoollcott/Projects/appmilla_github/study-tutor/.guardkit/worktrees/FEAT-VOICE-003/app/test/unit/domain_models_test.dart: SessionSummary differs by turnCount
00:02 +116: /Users/richardwoollcott/Projects/appmilla_github/study-tutor/.guardkit/worktrees/FEAT-VOICE-003/app/test/unit/domain_models_test.dart: Principal value equality on (token, displayName)
00:02 +117: /Users/richardwoollcott/Projects/appmilla_github/study-tutor/.guardkit/worktrees/FEAT-VOICE-003/app/test/unit/domain_models_test.dart: Principal token and displayName round-trip
00:02 +118: /Users/richardwoollcott/Projects/appmilla_github/study-tutor/.guardkit/worktrees/FEAT-VOICE-003/app/test/unit/voice_api_test.dart: VoiceTurnResult DTO constructs with transcript and answer parts
00:02 +119: /Users/richardwoollcott/Projects/appmilla_github/study-tutor/.guardkit/worktrees/FEAT-VOICE-003/app/test/unit/voice_api_test.dart: VoiceTurnResult DTO equality based on transcript and parts
00:02 +120: /Users/richardwoollcott/Projects/appmilla_github/study-tutor/.guardkit/worktrees/FEAT-VOICE-003/app/test/unit/voice_api_test.dart: VoiceTurnResult DTO hashCode consistent with equality
00:02 +121: /Users/richardwoollcott/Projects/appmilla_github/study-tutor/.guardkit/worktrees/FEAT-VOICE-003/app/test/unit/voice_api_test.dart: VoiceTurnResult DTO toString includes transcript and part count
00:02 +122: /Users/richardwoollcott/Projects/appmilla_github/study-tutor/.guardkit/worktrees/FEAT-VOICE-003/app/test/unit/voice_api_test.dart: AnswerPart sealed hierarchy TextAnswerPart carries seq and text
00:02 +123: /Users/richardwoollcott/Projects/appmilla_github/study-tutor/.guardkit/worktrees/FEAT-VOICE-003/app/test/unit/voice_api_test.dart: AnswerPart sealed hierarchy AudioAnswerPart carries seq and chunkId
00:02 +124: /Users/richardwoollcott/Projects/appmilla_github/study-tutor/.guardkit/worktrees/FEAT-VOICE-003/app/test/unit/voice_api_test.dart: AnswerPart sealed hierarchy TextAnswerPart equality based on seq and text
00:02 +125: /Users/richardwoollcott/Projects/appmilla_github/study-tutor/.guardkit/worktrees/FEAT-VOICE-003/app/test/unit/voice_api_test.dart: AnswerPart sealed hierarchy AudioAnswerPart equality based on seq and chunkId
00:02 +126: /Users/richardwoollcott/Projects/appmilla_github/study-tutor/.guardkit/worktrees/FEAT-VOICE-003/app/test/unit/voice_api_test.dart: AnswerPart sealed hierarchy switch over AnswerPart is exhaustive
00:02 +127: /Users/richardwoollcott/Projects/appmilla_github/study-tutor/.guardkit/worktrees/FEAT-VOICE-003/app/test/unit/voice_api_test.dart: VoiceTurnEvent sealed hierarchy TranscriptEvent carries transcript and isFinal
00:02 +128: /Users/richardwoollcott/Projects/appmilla_github/study-tutor/.guardkit/worktrees/FEAT-VOICE-003/app/test/unit/voice_api_test.dart: VoiceTurnEvent sealed hierarchy TextTokenEvent carries token
00:02 +129: /Users/richardwoollcott/Projects/appmilla_github/study-tutor/.guardkit/worktrees/FEAT-VOICE-003/app/test/unit/voice_api_test.dart: VoiceTurnEvent sealed hierarchy AudioPartEvent carries seq and chunkId
00:02 +130: /Users/richardwoollcott/Projects/appmilla_github/study-tutor/.guardkit/worktrees/FEAT-VOICE-003/app/test/unit/voice_api_test.dart: VoiceTurnEvent sealed hierarchy TurnCompleteEvent is a singleton-like marker
00:02 +131: /Users/richardwoollcott/Projects/appmilla_github/study-tutor/.guardkit/worktrees/FEAT-VOICE-003/app/test/unit/voice_api_test.dart: VoiceTurnEvent sealed hierarchy equality implementations are consistent
00:02 +132: /Users/richardwoollcott/Projects/appmilla_github/study-tutor/.guardkit/worktrees/FEAT-VOICE-003/app/test/unit/voice_api_test.dart: VoiceTurnEvent sealed hierarchy switch over VoiceTurnEvent is exhaustive
00:02 +133: /Users/richardwoollcott/Projects/appmilla_github/study-tutor/.guardkit/worktrees/FEAT-VOICE-003/app/test/unit/voice_api_test.dart: VoiceApi interface structure interface declares three methods with correct signatures
00:02 +134: /Users/richardwoollcott/Projects/appmilla_github/study-tutor/.guardkit/worktrees/FEAT-VOICE-003/app/test/unit/voice_api_test.dart: DTO immutability invariant VoiceTurnResult fields are final
00:02 +135: /Users/richardwoollcott/Projects/appmilla_github/study-tutor/.guardkit/worktrees/FEAT-VOICE-003/app/test/unit/voice_api_test.dart: DTO immutability invariant AnswerPart fields are final
00:02 +136: /Users/richardwoollcott/Projects/appmilla_github/study-tutor/.guardkit/worktrees/FEAT-VOICE-003/app/test/unit/voice_api_test.dart: DTO immutability invariant VoiceTurnEvent fields are final
00:02 +137: /Users/richardwoollcott/Projects/appmilla_github/study-tutor/.guardkit/worktrees/FEAT-VOICE-003/app/test/unit/http_session_api_errors_test.dart: binding §4.1 — the §9 envelope maps 1:1 onto the typed exceptions 404 SessionNotFoundError
00:02 +138: /Users/richardwoollcott/Projects/appmilla_github/study-tutor/.guardkit/worktrees/FEAT-VOICE-003/app/test/unit/http_session_api_errors_test.dart: binding §4.1 — the §9 envelope maps 1:1 onto the typed exceptions 410 SessionEnded
00:02 +139: /Users/richardwoollcott/Projects/appmilla_github/study-tutor/.guardkit/worktrees/FEAT-VOICE-003/app/test/unit/http_session_api_errors_test.dart: binding §4.1 — the §9 envelope maps 1:1 onto the typed exceptions 403 SessionForbidden
00:02 +140: /Users/richardwoollcott/Projects/appmilla_github/study-tutor/.guardkit/worktrees/FEAT-VOICE-003/app/test/unit/http_session_api_errors_test.dart: binding §4.1 — the §9 envelope maps 1:1 onto the typed exceptions 401 Unauthenticated (incl. the ASSUM-001 unseeded-student case)
00:02 +141: /Users/richardwoollcott/Projects/appmilla_github/study-tutor/.guardkit/worktrees/FEAT-VOICE-003/app/test/unit/http_session_api_errors_test.dart: binding §4.1 — the §9 envelope maps 1:1 onto the typed exceptions the wire message is carried into the exception
00:02 +142: /Users/richardwoollcott/Projects/appmilla_github/study-tutor/.guardkit/worktrees/FEAT-VOICE-003/app/test/contract/s9_unknown_session_and_status_test.dart: §9 unknown session_id → SessionNotFoundError on every session_id verb
00:02 +143: /Users/richardwoollcott/Projects/appmilla_github/study-tutor/.guardkit/worktrees/FEAT-VOICE-003/app/test/contract/s9_unknown_session_and_status_test.dart: §9 unknown session_id → SessionNotFoundError on every session_id verb
00:02 +144: /Users/richardwoollcott/Projects/appmilla_github/study-tutor/.guardkit/worktrees/FEAT-VOICE-003/app/test/contract/s9_unknown_session_and_status_test.dart: §9 unknown session_id → SessionNotFoundError on every session_id verb
00:02 +145: /Users/richardwoollcott/Projects/appmilla_github/study-tutor/.guardkit/worktrees/FEAT-VOICE-003/app/test/contract/s9_unknown_session_and_status_test.dart: §9 unknown session_id → SessionNotFoundError on every session_id verb
00:02 +146: /Users/richardwoollcott/Projects/appmilla_github/study-tutor/.guardkit/worktrees/FEAT-VOICE-003/app/test/contract/s9_unknown_session_and_status_test.dart: §9 unknown session_id → SessionNotFoundError on every session_id verb
00:02 +147: /Users/richardwoollcott/Projects/appmilla_github/study-tutor/.guardkit/worktrees/FEAT-VOICE-003/app/test/contract/s9_unknown_session_and_status_test.dart: §9 unknown session_id → SessionNotFoundError on every session_id verb
00:02 +148: /Users/richardwoollcott/Projects/appmilla_github/study-tutor/.guardkit/worktrees/FEAT-VOICE-003/app/test/contract/s9_unknown_session_and_status_test.dart: §9 unknown session_id → SessionNotFoundError on every session_id verb
00:02 +149: /Users/richardwoollcott/Projects/appmilla_github/study-tutor/.guardkit/worktrees/FEAT-VOICE-003/app/test/contract/s9_unknown_session_and_status_test.dart: §9 unknown session_id → SessionNotFoundError on every session_id verb
00:02 +150: /Users/richardwoollcott/Projects/appmilla_github/study-tutor/.guardkit/worktrees/FEAT-VOICE-003/app/test/unit/http_session_api_errors_test.dart: binding §4.2 — outside the closed set → TransportError fallback TransportError message carries the status exactly once
00:02 +151: /Users/richardwoollcott/Projects/appmilla_github/study-tutor/.guardkit/worktrees/FEAT-VOICE-003/app/test/contract/s9_unknown_session_and_status_test.dart: §5 session_status returns the full shape while active, resumable: true
00:02 +152: /Users/richardwoollcott/Projects/appmilla_github/study-tutor/.guardkit/worktrees/FEAT-VOICE-003/app/test/contract/s9_unknown_session_and_status_test.dart: §5 session_status returns the full shape while active, resumable: true
00:02 +153: /Users/richardwoollcott/Projects/appmilla_github/study-tutor/.guardkit/worktrees/FEAT-VOICE-003/app/test/contract/s9_unknown_session_and_status_test.dart: §5 session_status returns the full shape while active, resumable: true
00:02 +154: /Users/richardwoollcott/Projects/appmilla_github/study-tutor/.guardkit/worktrees/FEAT-VOICE-003/app/test/unit/http_session_api_errors_test.dart: malformed 2xx bodies → TransportError out-of-enum turn role → TransportError, never a raw ArgumentError
00:02 +155: /Users/richardwoollcott/Projects/appmilla_github/study-tutor/.guardkit/worktrees/FEAT-VOICE-003/app/test/unit/http_session_api_errors_test.dart: malformed 2xx bodies → TransportError out-of-enum turn role → TransportError, never a raw ArgumentError
00:02 +156: /Users/richardwoollcott/Projects/appmilla_github/study-tutor/.guardkit/worktrees/FEAT-VOICE-003/app/test/contract/s9_unknown_session_and_status_test.dart: §4 resumable flips exactly with the active → ended transition
00:02 +157: /Users/richardwoollcott/Projects/appmilla_github/study-tutor/.guardkit/worktrees/FEAT-VOICE-003/app/test/unit/http_session_api_errors_test.dart: malformed 2xx bodies → TransportError out-of-enum session status (a newer backend's "paused", say) → TransportError, never a raw ArgumentError
00:02 +158: /Users/richardwoollcott/Projects/appmilla_github/study-tutor/.guardkit/worktrees/FEAT-VOICE-003/app/test/unit/http_session_api_errors_test.dart: network failure and deadlines → TransportError connection failure (ClientException)
00:02 +159: /Users/richardwoollcott/Projects/appmilla_github/study-tutor/.guardkit/worktrees/FEAT-VOICE-003/app/test/unit/http_session_api_errors_test.dart: network failure and deadlines → TransportError read verb exceeding its deadline
00:02 +160: /Users/richardwoollcott/Projects/appmilla_github/study-tutor/.guardkit/worktrees/FEAT-VOICE-003/app/test/contract/s4_lifecycle_test.dart: §4 start_session creates a new active session (resumed: false)
00:03 +161: /Users/richardwoollcott/Projects/appmilla_github/study-tutor/.guardkit/worktrees/FEAT-VOICE-003/app/test/unit/http_session_api_errors_test.dart: network failure and deadlines → TransportError turn exceeding its (longer) deadline
00:03 +162: /Users/richardwoollcott/Projects/appmilla_github/study-tutor/.guardkit/worktrees/FEAT-VOICE-003/app/test/unit/http_session_api_errors_test.dart: network failure and deadlines → TransportError turn exceeding its (longer) deadline
00:03 +163: /Users/richardwoollcott/Projects/appmilla_github/study-tutor/.guardkit/worktrees/FEAT-VOICE-003/app/test/unit/http_session_api_errors_test.dart: network failure and deadlines → TransportError turn exceeding its (longer) deadline
00:03 +164: /Users/richardwoollcott/Projects/appmilla_github/study-tutor/.guardkit/worktrees/FEAT-VOICE-003/app/test/unit/http_session_api_errors_test.dart: network failure and deadlines → TransportError turn exceeding its (longer) deadline
00:03 +165: /Users/richardwoollcott/Projects/appmilla_github/study-tutor/.guardkit/worktrees/FEAT-VOICE-003/app/test/unit/http_session_api_errors_test.dart: network failure and deadlines → TransportError turn exceeding its (longer) deadline
00:03 +166: /Users/richardwoollcott/Projects/appmilla_github/study-tutor/.guardkit/worktrees/FEAT-VOICE-003/app/test/unit/http_session_api_errors_test.dart: network failure and deadlines → TransportError default deadlines sit at the contract budgets (~15s turn, ~5s reads — plan p2-wave-4)
00:03 +167: /Users/richardwoollcott/Projects/appmilla_github/study-tutor/.guardkit/worktrees/FEAT-VOICE-003/app/test/contract/s3_s9_authentication_test.dart: §3/§9 all six verbs while signed out → Unauthenticated
00:03 +168: /Users/richardwoollcott/Projects/appmilla_github/study-tutor/.guardkit/worktrees/FEAT-VOICE-003/app/test/contract/s3_s9_authentication_test.dart: §3/§9 all six verbs with an invalidated token → Unauthenticated, even though the client still holds a principal
00:03 +169: /Users/richardwoollcott/Projects/appmilla_github/study-tutor/.guardkit/worktrees/FEAT-VOICE-003/app/test/contract/s3_s9_authentication_test.dart: §3 auth is checked before session lookup — invalid token + unknown id → Unauthenticated, not SessionNotFoundError
00:03 +170: /Users/richardwoollcott/Projects/appmilla_github/study-tutor/.guardkit/worktrees/FEAT-VOICE-003/app/test/contract/s4_durability_second_client_test.dart: §4 a second device resumes mid-session and sees every completed turn
00:03 +171: /Users/richardwoollcott/Projects/appmilla_github/study-tutor/.guardkit/worktrees/FEAT-VOICE-003/app/test/contract/s4_durability_second_client_test.dart: §4 turns made on the second device are visible back on the first
00:03 +172: /Users/richardwoollcott/Projects/appmilla_github/study-tutor/.guardkit/worktrees/FEAT-VOICE-003/app/test/contract/s4_turn_count_monotonic_test.dart: §4 turn_count starts at 0 and increments once per turn
00:03 +173: /Users/richardwoollcott/Projects/appmilla_github/study-tutor/.guardkit/worktrees/FEAT-VOICE-003/app/test/contract/s4_turn_count_monotonic_test.dart: §4 turn_count is preserved across resume and keeps climbing
00:03 +174: /Users/richardwoollcott/Projects/appmilla_github/study-tutor/.guardkit/worktrees/FEAT-VOICE-003/app/test/contract/s4_turn_count_monotonic_test.dart: §4 turn_count never decreases over a whole session history
00:03 +175: /Users/richardwoollcott/Projects/appmilla_github/study-tutor/.guardkit/worktrees/FEAT-VOICE-003/app/test/contract/s4_s6_append_only_transcript_test.dart: §6 transcript order is insertion order; resume returns it in full
00:03 +176: /Users/richardwoollcott/Projects/appmilla_github/study-tutor/.guardkit/worktrees/FEAT-VOICE-003/app/test/contract/s4_s6_append_only_transcript_test.dart: tutor replies match the reply expectation, keyed off turn index (scope §2.3 — exact canned strings on the fake)
00:03 +177: /Users/richardwoollcott/Projects/appmilla_github/study-tutor/.guardkit/worktrees/FEAT-VOICE-003/app/test/contract/s4_s6_append_only_transcript_test.dart: a new turn appends after resume — nothing is rewritten
00:03 +178: /Users/richardwoollcott/Projects/appmilla_github/study-tutor/.guardkit/worktrees/FEAT-VOICE-003/app/test/contract/s5_list_sessions_test.dart: §5 rows carry the full shape: session_id, subject, topic, status, started_at, last_activity, turn_count
00:03 +179: /Users/richardwoollcott/Projects/appmilla_github/study-tutor/.guardkit/worktrees/FEAT-VOICE-003/app/test/contract/s5_list_sessions_test.dart: §5 status filter separates active from ended
00:03 +180: /Users/richardwoollcott/Projects/appmilla_github/study-tutor/.guardkit/worktrees/FEAT-VOICE-003/app/test/contract/s5_list_sessions_test.dart: §5 turn_count and last_activity reflect activity as it happens
00:03 +181: /Users/richardwoollcott/Projects/appmilla_github/study-tutor/.guardkit/worktrees/FEAT-VOICE-003/app/test/contract/s5_list_sessions_test.dart: §5 limit caps the row count
00:04 +182: /Users/richardwoollcott/Projects/appmilla_github/study-tutor/.guardkit/worktrees/FEAT-VOICE-003/app/test/contract/s5_ownership_test.dart: §5 resume_session on someone else's session → SessionForbidden
00:04 +183: /Users/richardwoollcott/Projects/appmilla_github/study-tutor/.guardkit/worktrees/FEAT-VOICE-003/app/test/contract/s5_resume_if_active_test.dart: §5 resume_if_active returns the existing active (student, subject) session with resumed: true and its turns
00:04 +184: /Users/richardwoollcott/Projects/appmilla_github/study-tutor/.guardkit/worktrees/FEAT-VOICE-003/app/test/contract/s5_resume_if_active_test.dart: §5 resume_if_active returns the existing active (student, subject) session with resumed: true and its turns
00:04 +185: /Users/richardwoollcott/Projects/appmilla_github/study-tutor/.guardkit/worktrees/FEAT-VOICE-003/app/test/contract/s5_resume_if_active_test.dart: §5 resume_if_active returns the existing active (student, subject) session with resumed: true and its turns
00:04 +186: /Users/richardwoollcott/Projects/appmilla_github/study-tutor/.guardkit/worktrees/FEAT-VOICE-003/app/test/contract/s5_resume_if_active_test.dart: §5 resume_if_active returns the existing active (student, subject) session with resumed: true and its turns
00:04 +187: /Users/richardwoollcott/Projects/appmilla_github/study-tutor/.guardkit/worktrees/FEAT-VOICE-003/app/test/contract/s5_resume_if_active_test.dart: §5 resume_if_active returns the existing active (student, subject) session with resumed: true and its turns
00:04 +188: /Users/richardwoollcott/Projects/appmilla_github/study-tutor/.guardkit/worktrees/FEAT-VOICE-003/app/test/contract/s5_resume_if_active_test.dart: §5 resume_if_active returns the existing active (student, subject) session with resumed: true and its turns
00:04 +189: /Users/richardwoollcott/Projects/appmilla_github/study-tutor/.guardkit/worktrees/FEAT-VOICE-003/app/test/contract/s5_resume_if_active_test.dart: §5 a different subject creates a new session
00:04 +190: /Users/richardwoollcott/Projects/appmilla_github/study-tutor/.guardkit/worktrees/FEAT-VOICE-003/app/test/contract/s5_resume_if_active_test.dart: §5 omitting the flag always creates a new session
00:04 +191: /Users/richardwoollcott/Projects/appmilla_github/study-tutor/.guardkit/worktrees/FEAT-VOICE-003/app/test/contract/s5_resume_if_active_test.dart: §5 duplicate active (student, subject) sessions: the most recently active one wins (contract wording is singular — see QUESTIONS.md)
00:04 +192: /Users/richardwoollcott/Projects/appmilla_github/study-tutor/.guardkit/worktrees/FEAT-VOICE-003/app/test/contract/s5_resume_if_active_test.dart: §5 an ended session never matches — resume_if_active only matches active sessions
00:04 +193: /Users/richardwoollcott/Projects/appmilla_github/study-tutor/.guardkit/worktrees/FEAT-VOICE-003/app/test/slice/happy_path_test.dart: full slice: sign in → start → turns → away → resume → end
00:04 +194: /Users/richardwoollcott/Projects/appmilla_github/study-tutor/.guardkit/worktrees/FEAT-VOICE-003/app/test/slice/happy_path_test.dart: full slice: sign in → start → turns → away → resume → end
00:04 +195: /Users/richardwoollcott/Projects/appmilla_github/study-tutor/.guardkit/worktrees/FEAT-VOICE-003/app/test/slice/happy_path_test.dart: full slice: sign in → start → turns → away → resume → end
00:04 +196: /Users/richardwoollcott/Projects/appmilla_github/study-tutor/.guardkit/worktrees/FEAT-VOICE-003/app/test/slice/happy_path_test.dart: full slice: sign in → start → turns → away → resume → end
00:04 +197: /Users/richardwoollcott/Projects/appmilla_github/study-tutor/.guardkit/worktrees/FEAT-VOICE-003/app/test/slice/happy_path_test.dart: full slice: sign in → start → turns → away → resume → end
00:04 +198: /Users/richardwoollcott/Projects/appmilla_github/study-tutor/.guardkit/worktrees/FEAT-VOICE-003/app/test/slice/happy_path_test.dart: full slice: sign in → start → turns → away → resume → end
00:04 +199: /Users/richardwoollcott/Projects/appmilla_github/study-tutor/.guardkit/worktrees/FEAT-VOICE-003/app/test/slice/happy_path_test.dart: full slice: sign in → start → turns → away → resume → end
══╡ EXCEPTION CAUGHT BY FLUTTER TEST FRAMEWORK ╞════════════════════════════════════════════════════
The following TestFailure was thrown running a test:
Expected: exactly one matching candidate
  Actual: _TextWidgetFinder:<Found 0 widgets with text "maths": []>
   Which: means none were found but one was expected

When the exception was thrown, this was the stack:
#4      main.<anonymous closure> (file:///Users/richardwoollcott/Projects/appmilla_github/study-tutor/.guardkit/worktrees/FEAT-VOICE-003/app/test/slice/happy_path_test.dart:47:5)
<asynchronous suspension>
#5      testWidgets.<anonymous closure>.<anonymous closure> (package:flutter_test/src/widget_tester.dart:192:15)
<asynchronous suspension>
#6      TestWidgetsFlutterBinding._runTestBody (package:flutter_test/src/binding.dart:1952:5)
<asynchronous suspension>
<asynchronous suspension>
(elided one frame from package:stack_trace)

This was caught by the test expectation on the following line:
  file:///Users/richardwoollcott/Projects/appmilla_github/study-tutor/.guardkit/worktrees/FEAT-VOICE-003/app/test/slice/happy_path_test.dart line 47
The test description was:
  full slice: sign in → start → turns → away → resume → end
════════════════════════════════════════════════════════════════════════════════════════════════════
00:05 +199 -1: /Users/richardwoollcott/Projects/appmilla_github/study-tutor/.guardkit/worktrees/FEAT-VOICE-003/app/test/errors/transport_error_test.dart: session send: dialog, unsent input preserved, retry sends it
00:05 +199 -1: /Users/richardwoollcott/Projects/appmilla_github/study-tutor/.guardkit/worktrees/FEAT-VOICE-003/app/test/slice/happy_path_test.dart: full slice: sign in → start → turns → away → resume → end [E]
  Test failed. See exception logs above.
  The test description was: full slice: sign in → start → turns → away → resume → end
  
00:05 +200 -1: /Users/richardwoollcott/Projects/appmilla_github/study-tutor/.guardkit/worktrees/FEAT-VOICE-003/app/test/errors/transport_error_test.dart: session send: dialog, unsent input preserved, retry sends it
00:05 +201 -1: /Users/richardwoollcott/Projects/appmilla_github/study-tutor/.guardkit/worktrees/FEAT-VOICE-003/app/test/errors/session_ended_test.dart: turn on a session ended elsewhere → ended state, input disabled, no crash
00:05 +202 -1: /Users/richardwoollcott/Projects/appmilla_github/study-tutor/.guardkit/worktrees/FEAT-VOICE-003/app/test/errors/session_forbidden_test.dart: resuming a session owned by the second principal → shared error surface, back to home, no crash
00:05 +203 -1: /Users/richardwoollcott/Projects/appmilla_github/study-tutor/.guardkit/worktrees/FEAT-VOICE-003/app/test/errors/session_not_found_test.dart: resuming an unknown session id → shared error surface, back to home, no crash
00:05 +204 -1: /Users/richardwoollcott/Projects/appmilla_github/study-tutor/.guardkit/worktrees/FEAT-VOICE-003/app/test/errors/session_not_found_test.dart: resuming an unknown session id → shared error surface, back to home, no crash
00:05 +205 -1: /Users/richardwoollcott/Projects/appmilla_github/study-tutor/.guardkit/worktrees/FEAT-VOICE-003/app/test/errors/session_not_found_test.dart: resuming an unknown session id → shared error surface, back to home, no crash
00:06 +206 -1: /Users/richardwoollcott/Projects/appmilla_github/study-tutor/.guardkit/worktrees/FEAT-VOICE-003/app/test/errors/session_not_found_test.dart: resuming an unknown session id → shared error surface, back to home, no crash
00:06 +207 -1: /Users/richardwoollcott/Projects/appmilla_github/study-tutor/.guardkit/worktrees/FEAT-VOICE-003/app/test/errors/session_not_found_test.dart: resuming an unknown session id → shared error surface, back to home, no crash
00:06 +208 -1: /Users/richardwoollcott/Projects/appmilla_github/study-tutor/.guardkit/worktrees/FEAT-VOICE-003/app/test/errors/transport_error_test.dart: home resume: connection dialog (not "can't open"), row kept, retry resumes with the transcript intact
00:06 +209 -1: Some tests failed.

Failing tests:
  /Users/richardwoollcott/Projects/appmilla_github/study-tutor/.guardkit/worktrees/FEAT-VOICE-003/app/test/slice/happy_path_test.dart: full slice: sign in → start → turns → away → resume → end
