[2026-05-02T14:30:28] START TASK-GR-SMOK: task-work implementation
[2026-05-02T14:31:28] SNAPSHOT TASK-GR-SMOK: elapsed=60s, phase=task-work implementation, files_changed=0, last_tool=Bash
[2026-05-02T14:32:28] SNAPSHOT TASK-GR-SMOK: elapsed=120s, phase=task-work implementation, files_changed=0, last_tool=Bash
[2026-05-02T14:33:28] SNAPSHOT TASK-GR-SMOK: elapsed=180s, phase=task-work implementation, files_changed=0, last_tool=Bash
[2026-05-02T14:34:28] SNAPSHOT TASK-GR-SMOK: elapsed=240s, phase=task-work implementation, files_changed=1, last_tool=Bash
[2026-05-02T14:35:16] START TASK-GR-SMOK: specialist:test-orchestrator invocation
[2026-05-02T14:35:56] START TASK-GR-SMOK: specialist:code-reviewer invocation
[2026-05-02T14:36:56] SNAPSHOT TASK-GR-SMOK: elapsed=60s, phase=specialist:code-reviewer invocation, files_changed=0, last_tool=Bash
[2026-05-02T14:37:56] SNAPSHOT TASK-GR-SMOK: elapsed=120s, phase=specialist:code-reviewer invocation, files_changed=0, last_tool=Bash
[2026-05-02T14:38:02] START TASK-GR-SMOK: task-work implementation
[2026-05-02T14:39:02] SNAPSHOT TASK-GR-SMOK: elapsed=60s, phase=task-work implementation, files_changed=0, last_tool=Bash
[2026-05-02T14:40:02] SNAPSHOT TASK-GR-SMOK: elapsed=120s, phase=task-work implementation, files_changed=0, last_tool=Bash
[2026-05-02T14:40:24] START TASK-GR-SMOK: specialist:test-orchestrator invocation
[2026-05-02T14:41:11] START TASK-GR-SMOK: specialist:code-reviewer invocation
[2026-05-02T14:42:11] SNAPSHOT TASK-GR-SMOK: elapsed=60s, phase=specialist:code-reviewer invocation, files_changed=0, last_tool=Read
[2026-05-02T14:43:11] SNAPSHOT TASK-GR-SMOK: elapsed=120s, phase=specialist:code-reviewer invocation, files_changed=0, last_tool=Bash
[2026-05-02T14:44:09] START TASK-GR-SMOK: task-work implementation
[2026-05-02T14:45:09] SNAPSHOT TASK-GR-SMOK: elapsed=60s, phase=task-work implementation, files_changed=0, last_tool=Bash
[2026-05-02T14:45:47] START TASK-GR-SMOK: specialist:test-orchestrator invocation
[2026-05-02T14:46:41] START TASK-GR-SMOK: specialist:code-reviewer invocation
[2026-05-02T14:47:41] SNAPSHOT TASK-GR-SMOK: elapsed=60s, phase=specialist:code-reviewer invocation, files_changed=0, last_tool=Read
[2026-05-02T14:48:41] SNAPSHOT TASK-GR-SMOK: elapsed=120s, phase=specialist:code-reviewer invocation, files_changed=0, last_tool=Read
[2026-05-02T14:49:41] SNAPSHOT TASK-GR-SMOK: elapsed=180s, phase=specialist:code-reviewer invocation, files_changed=0, last_tool=Bash
[2026-05-02T14:50:16] COMPLETE TASK-GR-SMOK: elapsed=1188s, decision=unrecoverable_stall, snapshots=3
[2026-05-02T17:13:57] START TASK-GR-SMOK: task-work implementation
[2026-05-02T17:14:57] SNAPSHOT TASK-GR-SMOK: elapsed=60s, phase=task-work implementation, files_changed=0, last_tool=Bash
[2026-05-02T17:15:57] SNAPSHOT TASK-GR-SMOK: elapsed=120s, phase=task-work implementation, files_changed=2, last_tool=Edit
[2026-05-02T17:16:03] START TASK-GR-SMOK: specialist:test-orchestrator invocation
[2026-05-02T17:16:56] START TASK-GR-SMOK: specialist:code-reviewer invocation
[2026-05-02T17:17:56] SNAPSHOT TASK-GR-SMOK: elapsed=60s, phase=specialist:code-reviewer invocation, files_changed=0, last_tool=Read
[2026-05-02T17:18:56] SNAPSHOT TASK-GR-SMOK: elapsed=120s, phase=specialist:code-reviewer invocation, files_changed=0, last_tool=Bash
[2026-05-02T17:19:24] START TASK-GR-SMOK: task-work implementation
[2026-05-02T17:20:24] SNAPSHOT TASK-GR-SMOK: elapsed=60s, phase=task-work implementation, files_changed=0, last_tool=Bash
[2026-05-02T17:21:24] SNAPSHOT TASK-GR-SMOK: elapsed=120s, phase=task-work implementation, files_changed=1, last_tool=Read
[2026-05-02T17:22:04] START TASK-GR-SMOK: specialist:test-orchestrator invocation
[2026-05-02T17:23:04] SNAPSHOT TASK-GR-SMOK: elapsed=60s, phase=specialist:test-orchestrator invocation, files_changed=0, last_tool=Bash
[2026-05-02T17:23:22] START TASK-GR-SMOK: specialist:code-reviewer invocation
[2026-05-02T17:24:22] SNAPSHOT TASK-GR-SMOK: elapsed=60s, phase=specialist:code-reviewer invocation, files_changed=0, last_tool=Grep
[2026-05-02T17:25:22] SNAPSHOT TASK-GR-SMOK: elapsed=120s, phase=specialist:code-reviewer invocation, files_changed=0, last_tool=Grep
[2026-05-02T17:26:22] SNAPSHOT TASK-GR-SMOK: elapsed=180s, phase=specialist:code-reviewer invocation, files_changed=0, last_tool=Bash
[2026-05-02T17:26:43] COMPLETE TASK-GR-SMOK: elapsed=767s, decision=approved, snapshots=3
