[2026-05-02T13:13:42] START TASK-GR-WIRE: task-work implementation
[2026-05-02T13:14:42] SNAPSHOT TASK-GR-WIRE: elapsed=60s, phase=task-work implementation, files_changed=0, last_tool=Read
[2026-05-02T13:15:42] SNAPSHOT TASK-GR-WIRE: elapsed=120s, phase=task-work implementation, files_changed=0, last_tool=Bash
[2026-05-02T13:16:42] SNAPSHOT TASK-GR-WIRE: elapsed=180s, phase=task-work implementation, files_changed=0, last_tool=Bash
[2026-05-02T13:17:42] SNAPSHOT TASK-GR-WIRE: elapsed=240s, phase=task-work implementation, files_changed=2, last_tool=Edit
[2026-05-02T13:18:42] SNAPSHOT TASK-GR-WIRE: elapsed=300s, phase=task-work implementation, files_changed=4, last_tool=Edit
[2026-05-02T13:19:42] SNAPSHOT TASK-GR-WIRE: elapsed=360s, phase=task-work implementation, files_changed=5, last_tool=Bash
[2026-05-02T13:20:42] SNAPSHOT TASK-GR-WIRE: elapsed=420s, phase=task-work implementation, files_changed=6, last_tool=Edit
[2026-05-02T13:21:42] SNAPSHOT TASK-GR-WIRE: elapsed=480s, phase=task-work implementation, files_changed=10, last_tool=Bash
[2026-05-02T13:22:42] SNAPSHOT TASK-GR-WIRE: elapsed=540s, phase=task-work implementation, files_changed=10, last_tool=Bash
[2026-05-02T13:23:30] START TASK-GR-WIRE: specialist:test-orchestrator invocation
[2026-05-02T13:24:19] START TASK-GR-WIRE: specialist:code-reviewer invocation
[2026-05-02T13:25:19] SNAPSHOT TASK-GR-WIRE: elapsed=60s, phase=specialist:code-reviewer invocation, files_changed=0, last_tool=Bash
[2026-05-02T13:26:19] SNAPSHOT TASK-GR-WIRE: elapsed=120s, phase=specialist:code-reviewer invocation, files_changed=0, last_tool=Bash
[2026-05-02T13:27:19] SNAPSHOT TASK-GR-WIRE: elapsed=180s, phase=specialist:code-reviewer invocation, files_changed=0, last_tool=Bash
[2026-05-02T13:28:06] START TASK-GR-WIRE: task-work implementation
[2026-05-02T13:29:06] SNAPSHOT TASK-GR-WIRE: elapsed=60s, phase=task-work implementation, files_changed=0, last_tool=Bash
[2026-05-02T13:30:06] SNAPSHOT TASK-GR-WIRE: elapsed=120s, phase=task-work implementation, files_changed=0, last_tool=Bash
[2026-05-02T13:30:43] START TASK-GR-WIRE: specialist:test-orchestrator invocation
[2026-05-02T13:31:37] START TASK-GR-WIRE: specialist:code-reviewer invocation
[2026-05-02T13:32:37] SNAPSHOT TASK-GR-WIRE: elapsed=60s, phase=specialist:code-reviewer invocation, files_changed=0, last_tool=Bash
[2026-05-02T13:33:37] SNAPSHOT TASK-GR-WIRE: elapsed=120s, phase=specialist:code-reviewer invocation, files_changed=0, last_tool=Bash
[2026-05-02T13:34:37] SNAPSHOT TASK-GR-WIRE: elapsed=180s, phase=specialist:code-reviewer invocation, files_changed=0, last_tool=Bash
[2026-05-02T13:35:37] SNAPSHOT TASK-GR-WIRE: elapsed=240s, phase=specialist:code-reviewer invocation, files_changed=0, last_tool=Bash
[2026-05-02T13:36:37] SNAPSHOT TASK-GR-WIRE: elapsed=300s, phase=specialist:code-reviewer invocation, files_changed=0, last_tool=Bash
[2026-05-02T13:37:07] COMPLETE TASK-GR-WIRE: elapsed=1406s, decision=approved, snapshots=5
