[2026-05-02T17:26:46] START TASK-GR-SEED: task-work implementation
[2026-05-02T17:27:46] SNAPSHOT TASK-GR-SEED: elapsed=60s, phase=task-work implementation, files_changed=0, last_tool=Bash
[2026-05-02T17:28:46] SNAPSHOT TASK-GR-SEED: elapsed=120s, phase=task-work implementation, files_changed=0, last_tool=mcp__graphiti__search_nodes
[2026-05-02T17:29:46] SNAPSHOT TASK-GR-SEED: elapsed=180s, phase=task-work implementation, files_changed=1, last_tool=Bash
[2026-05-02T17:30:46] SNAPSHOT TASK-GR-SEED: elapsed=240s, phase=task-work implementation, files_changed=1, last_tool=Bash
[2026-05-02T17:31:46] SNAPSHOT TASK-GR-SEED: elapsed=300s, phase=task-work implementation, files_changed=1, last_tool=Bash
[2026-05-02T17:32:46] SNAPSHOT TASK-GR-SEED: elapsed=360s, phase=task-work implementation, files_changed=1, last_tool=Bash
[2026-05-02T17:33:46] SNAPSHOT TASK-GR-SEED: elapsed=420s, phase=task-work implementation, files_changed=2, last_tool=Monitor
[2026-05-02T17:34:46] SNAPSHOT TASK-GR-SEED: elapsed=480s, phase=task-work implementation, files_changed=2, last_tool=Read
[2026-05-02T17:35:46] SNAPSHOT TASK-GR-SEED: elapsed=540s, phase=task-work implementation, files_changed=3, last_tool=Read
[2026-05-02T17:36:46] SNAPSHOT TASK-GR-SEED: elapsed=600s, phase=task-work implementation, files_changed=3, last_tool=Bash
[2026-05-02T17:37:46] SNAPSHOT TASK-GR-SEED: elapsed=660s, phase=task-work implementation, files_changed=3, last_tool=Bash
[2026-05-02T17:38:46] SNAPSHOT TASK-GR-SEED: elapsed=720s, phase=task-work implementation, files_changed=3, last_tool=TodoWrite
[2026-05-02T17:39:46] SNAPSHOT TASK-GR-SEED: elapsed=780s, phase=task-work implementation, files_changed=3, last_tool=TodoWrite
[2026-05-02T17:40:25] START TASK-GR-SEED: specialist:test-orchestrator invocation
[2026-05-02T17:41:17] START TASK-GR-SEED: specialist:code-reviewer invocation
[2026-05-02T17:42:17] SNAPSHOT TASK-GR-SEED: elapsed=60s, phase=specialist:code-reviewer invocation, files_changed=0, last_tool=Read
[2026-05-02T17:43:17] SNAPSHOT TASK-GR-SEED: elapsed=120s, phase=specialist:code-reviewer invocation, files_changed=0, last_tool=Bash
[2026-05-02T17:44:17] SNAPSHOT TASK-GR-SEED: elapsed=180s, phase=specialist:code-reviewer invocation, files_changed=0, last_tool=Bash
[2026-05-02T17:45:17] SNAPSHOT TASK-GR-SEED: elapsed=240s, phase=specialist:code-reviewer invocation, files_changed=0, last_tool=Bash
[2026-05-02T17:45:27] START TASK-GR-SEED: task-work implementation
[2026-05-02T17:46:27] SNAPSHOT TASK-GR-SEED: elapsed=60s, phase=task-work implementation, files_changed=0, last_tool=Bash
[2026-05-02T17:47:27] SNAPSHOT TASK-GR-SEED: elapsed=120s, phase=task-work implementation, files_changed=3, last_tool=Bash
[2026-05-02T17:48:27] SNAPSHOT TASK-GR-SEED: elapsed=180s, phase=task-work implementation, files_changed=3, last_tool=Bash
[2026-05-02T17:48:40] START TASK-GR-SEED: specialist:test-orchestrator invocation
[2026-05-02T17:49:40] SNAPSHOT TASK-GR-SEED: elapsed=60s, phase=specialist:test-orchestrator invocation, files_changed=0, last_tool=Bash
[2026-05-02T17:50:02] START TASK-GR-SEED: specialist:code-reviewer invocation
[2026-05-02T17:51:02] SNAPSHOT TASK-GR-SEED: elapsed=60s, phase=specialist:code-reviewer invocation, files_changed=0, last_tool=Bash
[2026-05-02T17:52:02] SNAPSHOT TASK-GR-SEED: elapsed=120s, phase=specialist:code-reviewer invocation, files_changed=0, last_tool=Bash
[2026-05-02T17:53:02] SNAPSHOT TASK-GR-SEED: elapsed=180s, phase=specialist:code-reviewer invocation, files_changed=0, last_tool=Bash
[2026-05-02T17:54:02] SNAPSHOT TASK-GR-SEED: elapsed=240s, phase=specialist:code-reviewer invocation, files_changed=0, last_tool=Bash
[2026-05-02T17:55:02] SNAPSHOT TASK-GR-SEED: elapsed=300s, phase=specialist:code-reviewer invocation, files_changed=0, last_tool=Bash
[2026-05-02T17:55:37] START TASK-GR-SEED: task-work implementation
[2026-05-02T17:56:37] SNAPSHOT TASK-GR-SEED: elapsed=60s, phase=task-work implementation, files_changed=0, last_tool=Bash
[2026-05-02T17:57:37] SNAPSHOT TASK-GR-SEED: elapsed=120s, phase=task-work implementation, files_changed=0, last_tool=Bash
[2026-05-02T17:58:36] START TASK-GR-SEED: specialist:test-orchestrator invocation
[2026-05-02T17:59:36] SNAPSHOT TASK-GR-SEED: elapsed=60s, phase=specialist:test-orchestrator invocation, files_changed=0, last_tool=Bash
[2026-05-02T18:00:03] START TASK-GR-SEED: specialist:code-reviewer invocation
[2026-05-02T18:01:03] SNAPSHOT TASK-GR-SEED: elapsed=60s, phase=specialist:code-reviewer invocation, files_changed=0, last_tool=Bash
[2026-05-02T18:02:03] SNAPSHOT TASK-GR-SEED: elapsed=120s, phase=specialist:code-reviewer invocation, files_changed=0, last_tool=Bash
[2026-05-02T18:03:03] SNAPSHOT TASK-GR-SEED: elapsed=180s, phase=specialist:code-reviewer invocation, files_changed=0, last_tool=Bash
[2026-05-02T18:04:03] SNAPSHOT TASK-GR-SEED: elapsed=240s, phase=specialist:code-reviewer invocation, files_changed=0, last_tool=Bash
[2026-05-02T18:05:03] SNAPSHOT TASK-GR-SEED: elapsed=300s, phase=specialist:code-reviewer invocation, files_changed=0, last_tool=Bash
[2026-05-02T18:05:13] START TASK-GR-SEED: task-work implementation
[2026-05-02T18:06:13] SNAPSHOT TASK-GR-SEED: elapsed=60s, phase=task-work implementation, files_changed=0, last_tool=Read
[2026-05-02T18:07:13] SNAPSHOT TASK-GR-SEED: elapsed=120s, phase=task-work implementation, files_changed=0, last_tool=Read
[2026-05-02T18:07:34] COMPLETE TASK-GR-SEED: elapsed=2448s, decision=timeout_budget_exhausted, snapshots=2
[2026-05-03T07:17:57] START TASK-GR-SEED: task-work implementation
[2026-05-03T07:18:57] SNAPSHOT TASK-GR-SEED: elapsed=60s, phase=task-work implementation, files_changed=0, last_tool=Bash
[2026-05-03T07:19:57] SNAPSHOT TASK-GR-SEED: elapsed=120s, phase=task-work implementation, files_changed=0, last_tool=Bash
[2026-05-03T07:20:57] SNAPSHOT TASK-GR-SEED: elapsed=180s, phase=task-work implementation, files_changed=0, last_tool=Bash
[2026-05-03T07:21:57] SNAPSHOT TASK-GR-SEED: elapsed=240s, phase=task-work implementation, files_changed=0, last_tool=Bash
[2026-05-03T07:25:58] SNAPSHOT TASK-GR-SEED: elapsed=300s, phase=task-work implementation, files_changed=0, last_tool=Bash
[2026-05-03T07:27:51] SNAPSHOT TASK-GR-SEED: elapsed=360s, phase=task-work implementation, files_changed=0, last_tool=Bash
[2026-05-03T07:28:51] SNAPSHOT TASK-GR-SEED: elapsed=420s, phase=task-work implementation, files_changed=0, last_tool=Read
[2026-05-03T07:29:51] SNAPSHOT TASK-GR-SEED: elapsed=480s, phase=task-work implementation, files_changed=0, last_tool=Read
[2026-05-03T07:30:51] SNAPSHOT TASK-GR-SEED: elapsed=540s, phase=task-work implementation, files_changed=0, last_tool=Bash
[2026-05-03T07:31:51] SNAPSHOT TASK-GR-SEED: elapsed=600s, phase=task-work implementation, files_changed=0, last_tool=Read
[2026-05-03T07:32:51] SNAPSHOT TASK-GR-SEED: elapsed=660s, phase=task-work implementation, files_changed=0, last_tool=Bash
[2026-05-03T07:33:51] SNAPSHOT TASK-GR-SEED: elapsed=720s, phase=task-work implementation, files_changed=1, last_tool=Bash
[2026-05-03T07:34:51] SNAPSHOT TASK-GR-SEED: elapsed=780s, phase=task-work implementation, files_changed=1, last_tool=Bash
[2026-05-03T07:35:51] SNAPSHOT TASK-GR-SEED: elapsed=840s, phase=task-work implementation, files_changed=2, last_tool=Read
[2026-05-03T07:36:51] SNAPSHOT TASK-GR-SEED: elapsed=900s, phase=task-work implementation, files_changed=3, last_tool=Bash
[2026-05-03T07:37:07] START TASK-GR-SEED: specialist:test-orchestrator invocation
[2026-05-03T07:38:07] SNAPSHOT TASK-GR-SEED: elapsed=60s, phase=specialist:test-orchestrator invocation, files_changed=1, last_tool=Write
[2026-05-03T07:38:08] START TASK-GR-SEED: specialist:code-reviewer invocation
[2026-05-03T07:39:08] SNAPSHOT TASK-GR-SEED: elapsed=60s, phase=specialist:code-reviewer invocation, files_changed=0, last_tool=Read
[2026-05-03T07:40:08] SNAPSHOT TASK-GR-SEED: elapsed=120s, phase=specialist:code-reviewer invocation, files_changed=0, last_tool=Read
[2026-05-03T07:41:08] SNAPSHOT TASK-GR-SEED: elapsed=180s, phase=specialist:code-reviewer invocation, files_changed=0, last_tool=Bash
[2026-05-03T07:42:08] SNAPSHOT TASK-GR-SEED: elapsed=240s, phase=specialist:code-reviewer invocation, files_changed=0, last_tool=Bash
[2026-05-03T07:43:05] START TASK-GR-SEED: task-work implementation
[2026-05-03T07:44:05] SNAPSHOT TASK-GR-SEED: elapsed=60s, phase=task-work implementation, files_changed=0, last_tool=Read
[2026-05-03T07:45:05] SNAPSHOT TASK-GR-SEED: elapsed=120s, phase=task-work implementation, files_changed=1, last_tool=Bash
[2026-05-03T07:45:59] START TASK-GR-SEED: specialist:test-orchestrator invocation
[2026-05-03T07:46:47] START TASK-GR-SEED: specialist:code-reviewer invocation
[2026-05-03T07:47:47] SNAPSHOT TASK-GR-SEED: elapsed=60s, phase=specialist:code-reviewer invocation, files_changed=0, last_tool=Read
[2026-05-03T07:48:47] SNAPSHOT TASK-GR-SEED: elapsed=120s, phase=specialist:code-reviewer invocation, files_changed=0, last_tool=Bash
[2026-05-03T07:49:47] SNAPSHOT TASK-GR-SEED: elapsed=180s, phase=specialist:code-reviewer invocation, files_changed=0, last_tool=Bash
[2026-05-03T07:50:47] SNAPSHOT TASK-GR-SEED: elapsed=240s, phase=specialist:code-reviewer invocation, files_changed=0, last_tool=Read
[2026-05-03T07:51:39] START TASK-GR-SEED: task-work implementation
[2026-05-03T07:57:27] START TASK-GR-SEED: task-work implementation
[2026-05-03T07:58:27] SNAPSHOT TASK-GR-SEED: elapsed=60s, phase=task-work implementation, files_changed=0, last_tool=Bash
[2026-05-03T07:59:27] SNAPSHOT TASK-GR-SEED: elapsed=120s, phase=task-work implementation, files_changed=0, last_tool=Read
[2026-05-03T08:00:27] SNAPSHOT TASK-GR-SEED: elapsed=180s, phase=task-work implementation, files_changed=1, last_tool=Edit
[2026-05-03T08:01:27] SNAPSHOT TASK-GR-SEED: elapsed=240s, phase=task-work implementation, files_changed=2, last_tool=Write
[2026-05-03T08:02:27] SNAPSHOT TASK-GR-SEED: elapsed=300s, phase=task-work implementation, files_changed=2, last_tool=Read
[2026-05-03T08:03:01] START TASK-GR-SEED: specialist:test-orchestrator invocation
[2026-05-03T08:04:01] SNAPSHOT TASK-GR-SEED: elapsed=60s, phase=specialist:test-orchestrator invocation, files_changed=0, last_tool=Read
[2026-05-03T08:04:25] START TASK-GR-SEED: specialist:code-reviewer invocation
[2026-05-03T08:05:25] SNAPSHOT TASK-GR-SEED: elapsed=60s, phase=specialist:code-reviewer invocation, files_changed=0, last_tool=Bash
[2026-05-03T08:06:25] SNAPSHOT TASK-GR-SEED: elapsed=120s, phase=specialist:code-reviewer invocation, files_changed=0, last_tool=Bash
[2026-05-03T08:07:25] SNAPSHOT TASK-GR-SEED: elapsed=180s, phase=specialist:code-reviewer invocation, files_changed=0, last_tool=Grep
[2026-05-03T08:07:31] START TASK-GR-SEED: task-work implementation
[2026-05-03T08:08:31] SNAPSHOT TASK-GR-SEED: elapsed=60s, phase=task-work implementation, files_changed=0, last_tool=Bash
[2026-05-03T08:09:31] SNAPSHOT TASK-GR-SEED: elapsed=120s, phase=task-work implementation, files_changed=0, last_tool=Bash
[2026-05-03T08:10:31] SNAPSHOT TASK-GR-SEED: elapsed=180s, phase=task-work implementation, files_changed=1, last_tool=Read
[2026-05-03T08:11:31] SNAPSHOT TASK-GR-SEED: elapsed=240s, phase=task-work implementation, files_changed=2, last_tool=Bash
[2026-05-03T08:11:31] START TASK-GR-SEED: specialist:test-orchestrator invocation
[2026-05-03T08:12:31] SNAPSHOT TASK-GR-SEED: elapsed=60s, phase=specialist:test-orchestrator invocation, files_changed=0, last_tool=Bash
[2026-05-03T08:12:42] START TASK-GR-SEED: specialist:code-reviewer invocation
[2026-05-03T08:13:42] SNAPSHOT TASK-GR-SEED: elapsed=60s, phase=specialist:code-reviewer invocation, files_changed=0, last_tool=Bash
[2026-05-03T08:14:42] SNAPSHOT TASK-GR-SEED: elapsed=120s, phase=specialist:code-reviewer invocation, files_changed=0, last_tool=Bash
[2026-05-03T08:15:42] SNAPSHOT TASK-GR-SEED: elapsed=180s, phase=specialist:code-reviewer invocation, files_changed=0, last_tool=Read
[2026-05-03T08:16:42] SNAPSHOT TASK-GR-SEED: elapsed=240s, phase=specialist:code-reviewer invocation, files_changed=0, last_tool=Read
[2026-05-03T08:17:04] START TASK-GR-SEED: task-work implementation
[2026-05-03T08:18:04] SNAPSHOT TASK-GR-SEED: elapsed=60s, phase=task-work implementation, files_changed=0, last_tool=Bash
[2026-05-03T08:19:04] SNAPSHOT TASK-GR-SEED: elapsed=120s, phase=task-work implementation, files_changed=0, last_tool=Bash
[2026-05-03T08:20:04] SNAPSHOT TASK-GR-SEED: elapsed=180s, phase=task-work implementation, files_changed=0, last_tool=Bash
[2026-05-03T08:21:04] SNAPSHOT TASK-GR-SEED: elapsed=240s, phase=task-work implementation, files_changed=1, last_tool=Write
[2026-05-03T08:21:05] START TASK-GR-SEED: specialist:test-orchestrator invocation
[2026-05-03T08:22:05] SNAPSHOT TASK-GR-SEED: elapsed=60s, phase=specialist:test-orchestrator invocation, files_changed=0, last_tool=Bash
[2026-05-03T08:22:13] START TASK-GR-SEED: specialist:code-reviewer invocation
[2026-05-03T08:23:13] SNAPSHOT TASK-GR-SEED: elapsed=60s, phase=specialist:code-reviewer invocation, files_changed=0, last_tool=Bash
[2026-05-03T08:24:13] SNAPSHOT TASK-GR-SEED: elapsed=120s, phase=specialist:code-reviewer invocation, files_changed=0, last_tool=Bash
[2026-05-03T08:25:13] SNAPSHOT TASK-GR-SEED: elapsed=180s, phase=specialist:code-reviewer invocation, files_changed=0, last_tool=Bash
[2026-05-03T08:26:13] SNAPSHOT TASK-GR-SEED: elapsed=240s, phase=specialist:code-reviewer invocation, files_changed=0, last_tool=Bash
[2026-05-03T08:27:13] SNAPSHOT TASK-GR-SEED: elapsed=300s, phase=specialist:code-reviewer invocation, files_changed=0, last_tool=Bash
[2026-05-03T08:27:38] COMPLETE TASK-GR-SEED: elapsed=4182s, decision=max_turns_exceeded, snapshots=5
